 Sunshine

 Timestamp is 6418580b (Mon Mar 20 05:56:43 2023)

 Preferred load address is 0000000180000000

 Start         Length     Name                   Class
 0001:00000000 0000bbb0H .text$mn                CODE
 0001:0000bbb0 00000040H .text$mn$00             CODE
 0001:0000bbf0 000002e0H .text$x                 CODE
 0002:00000000 00000218H .idata$5                DATA
 0002:00000218 00000028H .00cfg                  DATA
 0002:00000240 00000008H .CRT$XCA                DATA
 0002:00000248 00000008H .CRT$XCZ                DATA
 0002:00000250 00000008H .CRT$XIA                DATA
 0002:00000258 00000018H .CRT$XIC                DATA
 0002:00000270 00000008H .CRT$XIZ                DATA
 0002:00000278 00000008H .CRT$XPA                DATA
 0002:00000280 00000010H .CRT$XPX                DATA
 0002:00000290 00000008H .CRT$XPXA               DATA
 0002:00000298 00000008H .CRT$XPZ                DATA
 0002:000002a0 00000008H .CRT$XTA                DATA
 0002:000002a8 00000008H .CRT$XTZ                DATA
 0002:000002b0 00000000H .gehcont$y              DATA
 0002:000002b0 00000000H .gfids$y                DATA
 0002:000002b0 000074d0H .rdata                  DATA
 0002:00007780 00000000H .rdata$CastGuardVftablesA DATA
 0002:00007780 00000000H .rdata$CastGuardVftablesC DATA
 0002:00007780 00000000H .rdata$r                DATA
 0002:00007780 00000040H .rdata$voltmd           DATA
 0002:000077c0 000002d8H .rdata$zzzdbg           DATA
 0002:00007a98 00000008H .rtc$IAA                DATA
 0002:00007aa0 00000008H .rtc$IZZ                DATA
 0002:00007aa8 00000008H .rtc$TAA                DATA
 0002:00007ab0 00000008H .rtc$TZZ                DATA
 0002:00007ab8 00000bb8H .xdata                  DATA
 0002:00008670 00000000H .xdata$x                DATA
 0002:00008670 00000054H .edata                  DATA
 0002:000086c4 00000014H .idata$2                DATA
 0002:000086d8 00000018H .idata$3                DATA
 0002:000086f0 00000218H .idata$4                DATA
 0002:00008908 000004e8H .idata$6                DATA
 0003:00000000 00000a20H .data                   DATA
 0003:00000a20 00000000H .data$r                 DATA
 0003:00000a20 00000000H .data$rs                DATA
 0003:00000a20 000011c0H .bss                    DATA
 0004:00000000 00000e40H .pdata                  DATA
 0005:00000000 000000fcH _RDATA                  DATA

  Address         Publics by Value              Rva+Base               Lib:Object

 0000:00000000       __guard_longjmp_table      0000000000000000     <absolute>
 0000:00000000       ___safe_se_handler_table   0000000000000000     <absolute>
 0000:00000000       __guard_fids_count         0000000000000000     <absolute>
 0000:00000000       __x64_code_ranges_to_entry_points_count 0000000000000000     <absolute>
 0000:00000000       __arm64x_extra_rfe_table   0000000000000000     <absolute>
 0000:00000000       __arm64x_redirection_metadata 0000000000000000     <absolute>
 0000:00000000       __guard_iat_table          0000000000000000     <absolute>
 0000:00000000       __hybrid_code_map          0000000000000000     <absolute>
 0000:00000000       __arm64x_extra_rfe_table_size 0000000000000000     <absolute>
 0000:00000000       ___safe_se_handler_count   0000000000000000     <absolute>
 0000:00000000       __x64_code_ranges_to_entry_points 0000000000000000     <absolute>
 0000:00000000       __guard_iat_count          0000000000000000     <absolute>
 0000:00000000       __guard_longjmp_count      0000000000000000     <absolute>
 0000:00000000       __dynamic_value_reloc_table 0000000000000000     <absolute>
 0000:00000000       __hybrid_auxiliary_iat     0000000000000000     <absolute>
 0000:00000000       __hybrid_auxiliary_iat_copy 0000000000000000     <absolute>
 0000:00000000       __guard_eh_cont_count      0000000000000000     <absolute>
 0000:00000000       __AbsoluteZero             0000000000000000     <absolute>
 0000:00000000       __guard_check_icall_a64n_fptr 0000000000000000     <absolute>
 0000:00000000       __guard_fids_table         0000000000000000     <absolute>
 0000:00000000       __arm64x_redirection_metadata_count 0000000000000000     <absolute>
 0000:00000000       __enclave_config           0000000000000000     <absolute>
 0000:00000000       __guard_eh_cont_table      0000000000000000     <absolute>
 0000:00000000       __arm64x_native_entrypoint 0000000000000000     <absolute>
 0000:00000000       __hybrid_code_map_count    0000000000000000     <absolute>
 0000:00000100       __guard_flags              0000000000000100     <absolute>
 0000:00000000       __ImageBase                0000000180000000     <linker-defined>
 0001:00000000       ?within_distance@@YA_NPEATv2@@0M@Z 0000000180001000 f   Sunshine.obj
 0001:000000b0       ?Length@@YAMTv3@@@Z        00000001800010b0 f   Sunshine.obj
 0001:00000120       ?CrossProduct@@YA?ATv3@@T1@0@Z 0000000180001120 f   Sunshine.obj
 0001:00000210       ?DotProduct@@YAMTv3@@0@Z   0000000180001210 f   Sunshine.obj
 0001:00000280       ?SameSide@@YA_NTv3@@000@Z  0000000180001280 f   Sunshine.obj
 0001:000005d0       ?PointInTriangle@@YA_NTv2@@000@Z 00000001800015d0 f   Sunshine.obj
 0001:000008e0       ?rotate32@@YAIII@Z         00000001800018e0 f   Sunshine.obj
 0001:00000930       ?pcg_seed@@YAXPEAUpcg_state@@@Z 0000000180001930 f   Sunshine.obj
 0001:00000980       ?pcg_urand@@YAIPEAUpcg_state@@@Z 0000000180001980 f   Sunshine.obj
 0001:000009b0       ?pcg_urand@@YAIPEAUpcg_state@@I@Z 00000001800019b0 f   Sunshine.obj
 0001:00000a00       ?pcg_urand@@YAIPEAUpcg_state@@II@Z 0000000180001a00 f   Sunshine.obj
 0001:00000a60       ?pcg_frand@@YAMPEAUpcg_state@@M@Z 0000000180001a60 f   Sunshine.obj
 0001:00000ab0       ?pcg_frand@@YAMPEAUpcg_state@@@Z 0000000180001ab0 f   Sunshine.obj
 0001:00000af0       ?pcg_frand@@YAMPEAUpcg_state@@MM@Z 0000000180001af0 f   Sunshine.obj
 0001:00000b60       ?pushsize_@@YAPEAXPEAUmemory_arena@@I@Z 0000000180001b60 f   Sunshine.obj
 0001:00000bb0       ?initialize@@YAXPEAUgame_memory@@@Z 0000000180001bb0 f   Sunshine.obj
 0001:00000bf0       GameUpdateAndRender        0000000180001bf0 f   Sunshine.obj
 0001:00000c80       ??G@YA?ATv3@@T0@0@Z        0000000180001c80 f i Sunshine.obj
 0001:00000d20       ?pcg_output@@YAI_K@Z       0000000180001d20 f i Sunshine.obj
 0001:00000d70       ?pcg_rand@@YAIPEAUpcg_state@@@Z 0000000180001d70 f i Sunshine.obj
 0001:00000db0       ?pcg_step@@YAXPEAUpcg_state@@@Z 0000000180001db0 f i Sunshine.obj
 0001:00000df4       __GSHandlerCheck           0000000180001df4 f   LIBCMT:gshandler.obj
 0001:00000e14       __GSHandlerCheckCommon     0000000180001e14 f   LIBCMT:gshandler.obj
 0001:00000e80       __security_check_cookie    0000000180001e80 f   LIBCMT:amdsecgs.obj
 0001:000011c0       _DllMainCRTStartup         00000001800021c0 f   LIBCMT:dll_dllmain.obj
 0001:00001200       __raise_securityfailure    0000000180002200 f   LIBCMT:gs_report.obj
 0001:00001234       __report_gsfailure         0000000180002234 f   LIBCMT:gs_report.obj
 0001:00001308       __report_rangecheckfailure 0000000180002308 f   LIBCMT:gs_report.obj
 0001:0000131c       __report_securityfailure   000000018000231c f   LIBCMT:gs_report.obj
 0001:0000149c       __security_init_cookie     000000018000249c f   LIBCMT:gs_support.obj
 0001:00001548       DllMain                    0000000180002548 f   LIBCMT:dll_dllmain_stub.obj
 0001:00001548       _get_startup_argv_mode     0000000180002548 f   LIBCMT:argv_mode.obj
 0001:00001550       ?__scrt_initialize_type_info@@YAXXZ 0000000180002550 f   LIBCMT:tncleanup.obj
 0001:00001560       ?__scrt_uninitialize_type_info@@YAXXZ 0000000180002560 f   LIBCMT:tncleanup.obj
 0001:0000156c       __local_stdio_printf_options 000000018000256c f i LIBCMT:default_local_stdio_options.obj
 0001:00001574       __local_stdio_scanf_options 0000000180002574 f i LIBCMT:default_local_stdio_options.obj
 0001:0000157c       __scrt_initialize_default_local_stdio_options 000000018000257c f   LIBCMT:default_local_stdio_options.obj
 0001:00001598       __scrt_acquire_startup_lock 0000000180002598 f   LIBCMT:utility.obj
 0001:000015d4       __scrt_dllmain_after_initialize_c 00000001800025d4 f   LIBCMT:utility.obj
 0001:00001608       __scrt_dllmain_before_initialize_c 0000000180002608 f   LIBCMT:utility.obj
 0001:00001620       __scrt_dllmain_crt_thread_attach 0000000180002620 f   LIBCMT:utility.obj
 0001:00001648       __scrt_dllmain_crt_thread_detach 0000000180002648 f   LIBCMT:utility.obj
 0001:00001660       __scrt_dllmain_exception_filter 0000000180002660 f   LIBCMT:utility.obj
 0001:000016c0       __scrt_dllmain_uninitialize_c 00000001800026c0 f   LIBCMT:utility.obj
 0001:000016f0       __scrt_dllmain_uninitialize_critical 00000001800026f0 f   LIBCMT:utility.obj
 0001:00001704       __scrt_initialize_crt      0000000180002704 f   LIBCMT:utility.obj
 0001:00001750       __scrt_initialize_onexit_tables 0000000180002750 f   LIBCMT:utility.obj
 0001:000017dc       __scrt_is_nonwritable_in_current_image 00000001800027dc f   LIBCMT:utility.obj
 0001:00001874       __scrt_release_startup_lock 0000000180002874 f   LIBCMT:utility.obj
 0001:00001898       __scrt_uninitialize_crt    0000000180002898 f   LIBCMT:utility.obj
 0001:000018c4       __scrt_get_dyn_tls_init_callback 00000001800028c4 f   LIBCMT:dyn_tls_init.obj
 0001:000018cc       __crt_debugger_hook        00000001800028cc f   LIBCMT:utility_desktop.obj
 0001:000018d4       __scrt_fastfail            00000001800028d4 f   LIBCMT:utility_desktop.obj
 0001:00001a20       _RTC_Initialize            0000000180002a20 f   LIBCMT:initsect.obj
 0001:00001a5c       _RTC_Terminate             0000000180002a5c f   LIBCMT:initsect.obj
 0001:00001a98       _guard_check_icall_nop     0000000180002a98 f i LIBCMT:guard_support.obj
 0001:00001a9c       __isa_available_init       0000000180002a9c f   LIBCMT:cpu_disp.obj
 0001:00001c40       __scrt_is_ucrt_dll_in_use  0000000180002c40 f   LIBCMT:ucrt_detection.obj
 0001:00001c50       __C_specific_handler       0000000180002c50 f   libvcruntime:riscchandler.obj
 0001:00001e5c       __std_type_info_destroy_list 0000000180002e5c f   libvcruntime:std_type_info.obj
 0001:00001e88       __vcrt_initialize          0000000180002e88 f   libvcruntime:initialization.obj
 0001:00001eb0       __vcrt_thread_attach       0000000180002eb0 f   libvcruntime:initialization.obj
 0001:00001ec4       __vcrt_thread_detach       0000000180002ec4 f   libvcruntime:initialization.obj
 0001:00001ed8       __vcrt_uninitialize        0000000180002ed8 f   libvcruntime:initialization.obj
 0001:00001ef4       __vcrt_uninitialize_critical 0000000180002ef4 f   libvcruntime:initialization.obj
 0001:00001f04       __DestructExceptionObject  0000000180002f04 f   libvcruntime:ehhelpers.obj
 0001:00001f74       ?_CallMemberFunction0@@YAXQEAX0@Z 0000000180002f74 f i libvcruntime:ehhelpers.obj
 0001:00001f90       memset_repmovs             0000000180002f90 f   libvcruntime:memset.obj
 0001:00001fb0       memset                     0000000180002fb0 f   libvcruntime:memset.obj
 0001:00002150       _NLG_Notify                0000000180003150 f   libvcruntime:notify.obj
 0001:00002170       __NLG_Dispatch2            0000000180003170 f   libvcruntime:notify.obj
 0001:00002180       __NLG_Return2              0000000180003180 f   libvcruntime:notify.obj
 0001:00002184       __except_validate_context_record 0000000180003184 f   libvcruntime:jbcxrval.obj
 0001:000021bc       __vcrt_freefls             00000001800031bc f   libvcruntime:per_thread_data.obj
 0001:000021dc       __vcrt_freeptd             00000001800031dc f   libvcruntime:per_thread_data.obj
 0001:0000222c       __vcrt_getptd              000000018000322c f   libvcruntime:per_thread_data.obj
 0001:00002248       __vcrt_getptd_noexit       0000000180003248 f   libvcruntime:per_thread_data.obj
 0001:00002308       __vcrt_initialize_ptd      0000000180003308 f   libvcruntime:per_thread_data.obj
 0001:00002350       __vcrt_uninitialize_ptd    0000000180003350 f   libvcruntime:per_thread_data.obj
 0001:00002374       __vcrt_initialize_locks    0000000180003374 f   libvcruntime:locks.obj
 0001:000023a8       __vcrt_uninitialize_locks  00000001800033a8 f   libvcruntime:locks.obj
 0001:000023f0       memcpy_repmovs             00000001800033f0 f   libvcruntime:memcpy.obj
 0001:00002410       memcpy                     0000000180003410 f   libvcruntime:memcpy.obj
 0001:00002410       memmove                    0000000180003410 f   libvcruntime:memcpy.obj
 0001:00002bd8       __vcrt_FlsAlloc            0000000180003bd8 f   libvcruntime:winapi_downlevel.obj
 0001:00002c20       __vcrt_FlsFree             0000000180003c20 f   libvcruntime:winapi_downlevel.obj
 0001:00002c68       __vcrt_FlsGetValue         0000000180003c68 f   libvcruntime:winapi_downlevel.obj
 0001:00002cb0       __vcrt_FlsSetValue         0000000180003cb0 f   libvcruntime:winapi_downlevel.obj
 0001:00002d04       __vcrt_InitializeCriticalSectionEx 0000000180003d04 f   libvcruntime:winapi_downlevel.obj
 0001:00002d80       _CallSettingFrame          0000000180003d80 f   libvcruntime:handlers.obj
 0001:00002dd0       _CallSettingFrame_LookupContinuationIndex 0000000180003dd0 f   libvcruntime:handlers.obj
 0001:00002e00       _CallSettingFrame_NotifyContinuationAddr 0000000180003e00 f   libvcruntime:handlers.obj
 0001:00002e30       _CallSettingFrameEncoded   0000000180003e30 f   libvcruntime:handlers.obj
 0001:00002e78       _time64                    0000000180003e78 f   libucrt:time.obj
 0001:00002ee8       sqrt                       0000000180003ee8 f   libucrt:sqrt.obj
 0001:00002fb4       _initterm                  0000000180003fb4 f   libucrt:initterm.obj
 0001:00003018       _initterm_e                0000000180004018 f   libucrt:initterm.obj
 0001:00003058       _seh_filter_dll            0000000180004058 f   libucrt:exception_filter.obj
 0001:0000306c       _seh_filter_exe            000000018000406c f   libucrt:exception_filter.obj
 0001:0000345c       __acrt_initialize_thread_local_exit_callback 000000018000445c f   libucrt:exit.obj
 0001:00003464       _cexit                     0000000180004464 f   libucrt:exit.obj
 0001:00003474       _exit                      0000000180004474 f   libucrt:exit.obj
 0001:00003480       _is_c_termination_complete 0000000180004480 f   libucrt:exit.obj
 0001:00003648       __acrt_allocate_buffer_for_argv 0000000180004648 f   libucrt:argv_parsing.obj
 0001:000036a8       _configure_narrow_argv     00000001800046a8 f   libucrt:argv_parsing.obj
 0001:00003a20       __dcrt_uninitialize_environments_nolock 0000000180004a20 f   libucrt:environment_initialization.obj
 0001:00003a58       _initialize_narrow_environment 0000000180004a58 f   libucrt:environment_initialization.obj
 0001:00003bb4       _execute_onexit_table      0000000180004bb4 f   libucrt:onexit.obj
 0001:00003bf0       _initialize_onexit_table   0000000180004bf0 f   libucrt:onexit.obj
 0001:00003c50       __acrt_uninitialize_command_line 0000000180004c50 f   libucrt:argv_data.obj
 0001:00003d48       __acrt_initialize          0000000180004d48 f   libucrt:initialization.obj
 0001:00003d5c       __acrt_thread_attach       0000000180004d5c f   libucrt:initialization.obj
 0001:00003d70       __acrt_thread_detach       0000000180004d70 f   libucrt:initialization.obj
 0001:00003d80       __acrt_uninitialize        0000000180004d80 f   libucrt:initialization.obj
 0001:00003db8       __acrt_uninitialize_critical 0000000180004db8 f   libucrt:initialization.obj
 0001:00003dc8       terminate                  0000000180004dc8 f   libucrt:terminate.obj
 0001:00003de8       free                       0000000180004de8 f   libucrt:free.obj
 0001:00003dfc       strcpy_s                   0000000180004dfc f   libucrt:strcpy_s.obj
 0001:00003e5c       abort                      0000000180004e5c f   libucrt:abort.obj
 0001:00003eb4       ??0_LocaleUpdate@@QEAA@QEAU__crt_locale_pointers@@@Z 0000000180004eb4 f i libucrt:output.obj
 0001:00003f60       strncmp                    0000000180004f60 f   libucrt:strncmp.obj
 0001:00003fe0       calloc                     0000000180004fe0 f   libucrt:calloc.obj
 0001:00003fe8       wcsncmp                    0000000180004fe8 f   libucrt:wcsncmp.obj
 0001:00004014       __acrt_call_reportfault    0000000180005014 f   libucrt:invalid_parameter.obj
 0001:00004170       __acrt_initialize_invalid_parameter_handler 0000000180005170 f   libucrt:invalid_parameter.obj
 0001:00004178       _invalid_parameter         0000000180005178 f   libucrt:invalid_parameter.obj
 0001:00004228       _invalid_parameter_noinfo  0000000180005228 f   libucrt:invalid_parameter.obj
 0001:00004248       _invoke_watson             0000000180005248 f   libucrt:invalid_parameter.obj
 0001:00004290       __acrt_errno_from_os_error 0000000180005290 f   libucrt:errno.obj
 0001:000042d8       __acrt_errno_map_os_error  00000001800052d8 f   libucrt:errno.obj
 0001:00004328       __doserrno                 0000000180005328 f   libucrt:errno.obj
 0001:00004348       _errno                     0000000180005348 f   libucrt:errno.obj
 0001:00004540       __acrt_AppPolicyGetProcessTerminationMethodInternal 0000000180005540 f   libucrt:winapi_thunks.obj
 0001:00004590       __acrt_AreFileApisANSI     0000000180005590 f   libucrt:winapi_thunks.obj
 0001:000045cc       __acrt_FlsAlloc            00000001800055cc f   libucrt:winapi_thunks.obj
 0001:00004614       __acrt_FlsFree             0000000180005614 f   libucrt:winapi_thunks.obj
 0001:0000465c       __acrt_FlsGetValue         000000018000565c f   libucrt:winapi_thunks.obj
 0001:000046a4       __acrt_FlsSetValue         00000001800056a4 f   libucrt:winapi_thunks.obj
 0001:000046f8       __acrt_InitializeCriticalSectionEx 00000001800056f8 f   libucrt:winapi_thunks.obj
 0001:0000475c       __acrt_LCMapStringEx       000000018000575c f   libucrt:winapi_thunks.obj
 0001:00004838       __acrt_LocaleNameToLCID    0000000180005838 f   libucrt:winapi_thunks.obj
 0001:00004888       __acrt_initialize_winapi_thunks 0000000180005888 f   libucrt:winapi_thunks.obj
 0001:000048bc       __acrt_uninitialize_winapi_thunks 00000001800058bc f   libucrt:winapi_thunks.obj
 0001:00004a24       _handle_error              0000000180005a24 f   libucrt:libm_error.obj
 0001:00004b4c       _handle_nan                0000000180005b4c f   libucrt:libm_error.obj
 0001:00004ee0       __acrt_freeptd             0000000180005ee0 f   libucrt:per_thread_data.obj
 0001:00004f24       __acrt_getptd              0000000180005f24 f   libucrt:per_thread_data.obj
 0001:00004ff8       __acrt_getptd_head         0000000180005ff8 f   libucrt:per_thread_data.obj
 0001:000050a0       __acrt_getptd_noexit       00000001800060a0 f   libucrt:per_thread_data.obj
 0001:0000516c       __acrt_initialize_ptd      000000018000616c f   libucrt:per_thread_data.obj
 0001:000051a8       __acrt_uninitialize_ptd    00000001800061a8 f   libucrt:per_thread_data.obj
 0001:000051cc       __acrt_initialize_locks    00000001800061cc f   libucrt:locks.obj
 0001:00005214       __acrt_lock                0000000180006214 f   libucrt:locks.obj
 0001:00005230       __acrt_uninitialize_locks  0000000180006230 f   libucrt:locks.obj
 0001:00005268       __acrt_unlock              0000000180006268 f   libucrt:locks.obj
 0001:00005284       __acrt_get_process_end_policy 0000000180006284 f   libucrt:win_policies.obj
 0001:000052c0       _calloc_base               00000001800062c0 f   libucrt:calloc_base.obj
 0001:00005338       _free_base                 0000000180006338 f   libucrt:free_base.obj
 0001:0000538c       ??$__acrt_mbs_to_wcs_cp@U__crt_win32_buffer_internal_dynamic_resizing@@@@YAHQEBDAEAV?$__crt_win32_buffer@_WU__crt_win32_buffer_internal_dynamic_resizing@@@@I@Z 000000018000638c f i libucrt:argv_wildcards.obj
 0001:00005504       ??$__acrt_wcs_to_mbs_cp@U__crt_win32_buffer_internal_dynamic_resizing@@@@YAHQEB_WAEAV?$__crt_win32_buffer@DU__crt_win32_buffer_internal_dynamic_resizing@@@@I@Z 0000000180006504 f i libucrt:argv_wildcards.obj
 0001:00005d34       __acrt_expand_narrow_argv_wildcards 0000000180006d34 f   libucrt:argv_wildcards.obj
 0001:00005d3c       ??$__acrt_wcs_to_mbs_cp@U__crt_win32_buffer_no_resizing@@@@YAHQEB_WAEAV?$__crt_win32_buffer@DU__crt_win32_buffer_no_resizing@@@@I@Z 0000000180006d3c f i libucrt:getmodulefilenamea.obj
 0001:00005e50       __acrt_GetModuleFileNameA  0000000180006e50 f   libucrt:getmodulefilenamea.obj
 0001:00006698       __acrt_initialize_multibyte 0000000180007698 f   libucrt:mbctype.obj
 0001:000066f8       __acrt_update_thread_multibyte_data 00000001800076f8 f   libucrt:mbctype.obj
 0001:00006714       _setmbcp_nolock            0000000180007714 f   libucrt:mbctype.obj
 0001:00006a48       _ismbblead                 0000000180007a48 f   libucrt:ismbbyte.obj
 0001:00006a5c       __acrt_initialize_command_line 0000000180007a5c f   libucrt:argv_data.obj
 0001:00006a84       __acrt_MultiByteToWideChar 0000000180007a84 f   libucrt:multibytetowidechar.obj
 0001:00006ae0       __acrt_WideCharToMultiByte 0000000180007ae0 f   libucrt:widechartomultibyte.obj
 0001:00006b90       __dcrt_get_narrow_environment_from_os 0000000180007b90 f   libucrt:get_environment_from_os.obj
 0001:00006c94       _recalloc_base             0000000180007c94 f   libucrt:recalloc.obj
 0001:00006d2c       __acrt_initialize_heap     0000000180007d2c f   libucrt:heap_handle.obj
 0001:00006d48       __acrt_uninitialize_heap   0000000180007d48 f   libucrt:heap_handle.obj
 0001:00006f50       __acrt_initialize_lowio    0000000180007f50 f   libucrt:ioinit.obj
 0001:00006f8c       __acrt_uninitialize_lowio  0000000180007f8c f   libucrt:ioinit.obj
 0001:00006fcc       __acrt_execute_initializers 0000000180007fcc f   libucrt:shared_initialization.obj
 0001:0000704c       __acrt_execute_uninitializers 000000018000804c f   libucrt:shared_initialization.obj
 0001:00007088       __acrt_initialize_new_handler 0000000180008088 f   libucrt:new_handler.obj
 0001:00007090       _callnewh                  0000000180008090 f   libucrt:new_handler.obj
 0001:000070c0       _query_new_handler         00000001800080c0 f   libucrt:new_handler.obj
 0001:0000713c       __acrt_get_sigabrt_handler 000000018000813c f   libucrt:signal.obj
 0001:0000716c       __acrt_initialize_signal_handlers 000000018000816c f   libucrt:signal.obj
 0001:0000718c       raise                      000000018000818c f   libucrt:signal.obj
 0001:000073f8       __acrt_has_user_matherr    00000001800083f8 f   libucrt:matherr.obj
 0001:00007418       __acrt_initialize_user_matherr 0000000180008418 f   libucrt:matherr.obj
 0001:00007420       __acrt_invoke_user_matherr 0000000180008420 f   libucrt:matherr.obj
 0001:0000762c       __acrt_stdio_flush_nolock  000000018000862c f   libucrt:fflush.obj
 0001:000076a8       _fflush_nolock             00000001800086a8 f   libucrt:fflush.obj
 0001:000076f4       _flushall                  00000001800086f4 f   libucrt:fflush.obj
 0001:000076fc       __acrt_initialize_stdio    00000001800086fc f   libucrt:_file.obj
 0001:0000781c       __acrt_uninitialize_stdio  000000018000881c f   libucrt:_file.obj
 0001:00007878       _lock_file                 0000000180008878 f   libucrt:_file.obj
 0001:00007884       _unlock_file               0000000180008884 f   libucrt:_file.obj
 0001:00007890       _malloc_base               0000000180008890 f   libucrt:malloc_base.obj
 0001:000078f0       _mbtowc_l                  00000001800088f0 f   libucrt:mbtowc.obj
 0001:00007a70       mbtowc                     0000000180008a70 f   libucrt:mbtowc.obj
 0001:00007a78       __acrt_update_locale_info  0000000180008a78 f   libucrt:locale_update.obj
 0001:00007aac       __acrt_update_multibyte_info 0000000180008aac f   libucrt:locale_update.obj
 0001:00007ae0       _fileno                    0000000180008ae0 f   libucrt:fileno.obj
 0001:00007b78       __acrt_set_locale_changed  0000000180008b78 f   libucrt:wsetlocale.obj
 0001:00007b84       __acrt_uninitialize_locale 0000000180008b84 f   libucrt:wsetlocale.obj
 0001:00007bb4       __pctype_func              0000000180008bb4 f   libucrt:ctype.obj
 0001:00007be4       __acrt_DownlevelLocaleNameToLCID 0000000180008be4 f   libucrt:lcidtoname_downlevel.obj
 0001:00007c94       _raise_exc                 0000000180008c94 f   libucrt:fpexcept.obj
 0001:00007cbc       _raise_exc_ex              0000000180008cbc f   libucrt:fpexcept.obj
 0001:00007fcc       _set_errno_from_matherr    0000000180008fcc f   libucrt:fpexcept.obj
 0001:00007ffc       _clrfp                     0000000180008ffc f   libucrt:fpctrl.obj
 0001:0000801c       _ctrlfp                    000000018000901c f   libucrt:fpctrl.obj
 0001:00008098       _set_statfp                0000000180009098 f   libucrt:fpctrl.obj
 0001:000080b8       _statfp                    00000001800090b8 f   libucrt:fpctrl.obj
 0001:000080cc       __acrt_add_locale_ref      00000001800090cc f   libucrt:locale_refcounting.obj
 0001:00008158       __acrt_free_locale         0000000180009158 f   libucrt:locale_refcounting.obj
 0001:000082d0       __acrt_locale_add_lc_time_reference 00000001800092d0 f   libucrt:locale_refcounting.obj
 0001:000082f8       __acrt_locale_free_lc_time_if_unreferenced 00000001800092f8 f   libucrt:locale_refcounting.obj
 0001:00008330       __acrt_locale_release_lc_time_reference 0000000180009330 f   libucrt:locale_refcounting.obj
 0001:00008358       __acrt_release_locale_ref  0000000180009358 f   libucrt:locale_refcounting.obj
 0001:00008400       __acrt_update_thread_locale_data 0000000180009400 f   libucrt:locale_refcounting.obj
 0001:00008470       _updatetlocinfoEx_nolock   0000000180009470 f   libucrt:locale_refcounting.obj
 0001:000084d8       _query_new_mode            00000001800094d8 f   libucrt:new_mode.obj
 0001:000084e0       qsort                      00000001800094e0 f   libucrt:qsort.obj
 0001:00008880       strncpy_s                  0000000180009880 f   libucrt:strncpy_s.obj
 0001:00008a00       strpbrk                    0000000180009a00 f   libucrt:strpbrk.obj
 0001:00008dc8       _mbsdec                    0000000180009dc8 f   libucrt:mbsdec.obj
 0001:00008dd0       _mbsdec_l                  0000000180009dd0 f   libucrt:mbsdec.obj
 0001:00008e64       __acrt_GetStringTypeA      0000000180009e64 f   libucrt:getstringtypea.obj
 0001:0000930c       __acrt_LCMapStringA        000000018000a30c f   libucrt:lcmapstringa.obj
 0001:000093bc       _msize_base                000000018000a3bc f   libucrt:msize.obj
 0001:000093f8       _realloc_base              000000018000a3f8 f   libucrt:realloc_base.obj
 0001:00009474       __acrt_lowio_create_handle_array 000000018000a474 f   libucrt:osfinfo.obj
 0001:0000951c       __acrt_lowio_destroy_handle_array 000000018000a51c f   libucrt:osfinfo.obj
 0001:0000956c       __acrt_lowio_ensure_fh_exists 000000018000a56c f   libucrt:osfinfo.obj
 0001:00009614       __acrt_lowio_lock_fh       000000018000a614 f   libucrt:osfinfo.obj
 0001:0000963c       __acrt_lowio_unlock_fh     000000018000a63c f   libucrt:osfinfo.obj
 0001:00009664       _free_osfhnd               000000018000a664 f   libucrt:osfinfo.obj
 0001:00009720       _get_osfhandle             000000018000a720 f   libucrt:osfinfo.obj
 0001:00009824       _commit                    000000018000a824 f   libucrt:commit.obj
 0001:0000a134       _write                     000000018000b134 f   libucrt:write.obj
 0001:0000a220       _write_nolock              000000018000b220 f   libucrt:write.obj
 0001:0000a504       _fcloseall                 000000018000b504 f   libucrt:closeall.obj
 0001:0000a5b8       __acrt_stdio_free_buffer_nolock 000000018000b5b8 f   libucrt:_freebuf.obj
 0001:0000a5f8       _isatty                    000000018000b5f8 f   libucrt:isatty.obj
 0001:0000a658       _isleadbyte_l              000000018000b658 f i libucrt:_wctype.obj
 0001:0000a6a4       ?__mbrtowc_utf8@__crt_mbstring@@YA_KPEA_WPEBD_KPEAU_Mbstatet@@@Z 000000018000b6a4 f   libucrt:mbrtowc.obj
 0001:0000a6e0       ?__mbsrtowcs_utf8@__crt_mbstring@@YA_KPEA_WPEAPEBD_KPEAU_Mbstatet@@@Z 000000018000b6e0 f   libucrt:mbrtowc.obj
 0001:0000a858       __acrt_locale_free_monetary 000000018000b858 f   libucrt:initmon.obj
 0001:0000a964       __acrt_locale_free_numeric 000000018000b964 f   libucrt:initnum.obj
 0001:0000aa28       __acrt_locale_free_time    000000018000ba28 f   libucrt:inittime.obj
 0001:0000ab30       __ascii_wcsnicmp           000000018000bb30 f   libucrt:wcsnicmp.obj
 0001:0000ab90       _get_fpsr                  000000018000bb90 f   libucrt:fpsr.obj
 0001:0000aba0       _set_fpsr                  000000018000bba0 f   libucrt:fpsr.obj
 0001:0000abaa       _fclrf                     000000018000bbaa f   libucrt:fpsr.obj
 0001:0000abbe       _frnd                      000000018000bbbe f   libucrt:fpsr.obj
 0001:0000abe0       __strncnt                  000000018000bbe0 f   libucrt:strncnt.obj
 0001:0000abf8       _query_app_type            000000018000bbf8 f   libucrt:report_runtime_error.obj
 0001:0000ac9c       _lseeki64_nolock           000000018000bc9c f   libucrt:lseek.obj
 0001:0000aca4       _putwch_nolock             000000018000bca4 f   libucrt:putwch.obj
 0001:0000ace0       _fclose_nolock             000000018000bce0 f   libucrt:fclose.obj
 0001:0000ad64       fclose                     000000018000bd64 f   libucrt:fclose.obj
 0001:0000adc8       ?__mbrtoc32_utf8@__crt_mbstring@@YA_KPEA_UPEBD_KPEAU_Mbstatet@@@Z 000000018000bdc8 f   libucrt:mbrtoc32.obj
 0001:0000afa0       log10                      000000018000bfa0 f   libucrt:log10.obj
 0001:0000b54c       __dcrt_lowio_ensure_console_output_initialized 000000018000c54c f   libucrt:initcon.obj
 0001:0000b5a0       __dcrt_terminate_console_output 000000018000c5a0 f   libucrt:initcon.obj
 0001:0000b5bc       __dcrt_write_console       000000018000c5bc f   libucrt:initcon.obj
 0001:0000b6f0       _close                     000000018000c6f0 f   libucrt:close.obj
 0001:0000b794       _close_nolock              000000018000c794 f   libucrt:close.obj
 0001:0000b854       ?__acrt_stdio_free_stream@@YAXV__crt_stdio_stream@@@Z 000000018000c854 f   libucrt:stream.obj
 0001:0000b870       __acrt_initialize_fma3     000000018000c870 f   libucrt:fma3_available.obj
 0001:0000b8e0       _log10_special             000000018000c8e0 f   libucrt:log_special.obj
 0001:0000b9a0       _FindPESection             000000018000c9a0 f   LIBCMT:pesect.obj
 0001:0000b9f0       _IsNonwritableInCurrentImage 000000018000c9f0 f   LIBCMT:pesect.obj
 0001:0000ba40       _ValidateImageBase         000000018000ca40 f   LIBCMT:pesect.obj
 0001:0000ba80       __chkstk                   000000018000ca80 f   LIBCMT:chkstk.obj
 0001:0000ba80       _alloca_probe              000000018000ca80 f   LIBCMT:chkstk.obj
 0001:0000bae0       memcmp                     000000018000cae0 f   libvcruntime:memcmp.obj
 0001:0000bbc0       _guard_dispatch_icall_nop  000000018000cbc0 f   LIBCMT:guard_dispatch.obj
 0001:0000bbe0       _guard_xfg_dispatch_icall_nop 000000018000cbe0 f   LIBCMT:guard_xfg_dispatch.obj
 0002:00000000       __imp_RtlCaptureContext    000000018000d000     kernel32:KERNEL32.dll
 0002:00000008       __imp_RtlLookupFunctionEntry 000000018000d008     kernel32:KERNEL32.dll
 0002:00000010       __imp_RtlVirtualUnwind     000000018000d010     kernel32:KERNEL32.dll
 0002:00000018       __imp_UnhandledExceptionFilter 000000018000d018     kernel32:KERNEL32.dll
 0002:00000020       __imp_SetUnhandledExceptionFilter 000000018000d020     kernel32:KERNEL32.dll
 0002:00000028       __imp_GetCurrentProcess    000000018000d028     kernel32:KERNEL32.dll
 0002:00000030       __imp_TerminateProcess     000000018000d030     kernel32:KERNEL32.dll
 0002:00000038       __imp_IsProcessorFeaturePresent 000000018000d038     kernel32:KERNEL32.dll
 0002:00000040       __imp_QueryPerformanceCounter 000000018000d040     kernel32:KERNEL32.dll
 0002:00000048       __imp_GetCurrentProcessId  000000018000d048     kernel32:KERNEL32.dll
 0002:00000050       __imp_GetCurrentThreadId   000000018000d050     kernel32:KERNEL32.dll
 0002:00000058       __imp_GetSystemTimeAsFileTime 000000018000d058     kernel32:KERNEL32.dll
 0002:00000060       __imp_InitializeSListHead  000000018000d060     kernel32:KERNEL32.dll
 0002:00000068       __imp_IsDebuggerPresent    000000018000d068     kernel32:KERNEL32.dll
 0002:00000070       __imp_GetStartupInfoW      000000018000d070     kernel32:KERNEL32.dll
 0002:00000078       __imp_GetModuleHandleW     000000018000d078     kernel32:KERNEL32.dll
 0002:00000080       __imp_RtlUnwindEx          000000018000d080     kernel32:KERNEL32.dll
 0002:00000088       __imp_InterlockedFlushSList 000000018000d088     kernel32:KERNEL32.dll
 0002:00000090       __imp_GetLastError         000000018000d090     kernel32:KERNEL32.dll
 0002:00000098       __imp_SetLastError         000000018000d098     kernel32:KERNEL32.dll
 0002:000000a0       __imp_EnterCriticalSection 000000018000d0a0     kernel32:KERNEL32.dll
 0002:000000a8       __imp_LeaveCriticalSection 000000018000d0a8     kernel32:KERNEL32.dll
 0002:000000b0       __imp_DeleteCriticalSection 000000018000d0b0     kernel32:KERNEL32.dll
 0002:000000b8       __imp_InitializeCriticalSectionAndSpinCount 000000018000d0b8     kernel32:KERNEL32.dll
 0002:000000c0       __imp_TlsAlloc             000000018000d0c0     kernel32:KERNEL32.dll
 0002:000000c8       __imp_TlsGetValue          000000018000d0c8     kernel32:KERNEL32.dll
 0002:000000d0       __imp_TlsSetValue          000000018000d0d0     kernel32:KERNEL32.dll
 0002:000000d8       __imp_TlsFree              000000018000d0d8     kernel32:KERNEL32.dll
 0002:000000e0       __imp_FreeLibrary          000000018000d0e0     kernel32:KERNEL32.dll
 0002:000000e8       __imp_GetProcAddress       000000018000d0e8     kernel32:KERNEL32.dll
 0002:000000f0       __imp_LoadLibraryExW       000000018000d0f0     kernel32:KERNEL32.dll
 0002:000000f8       __imp_RaiseException       000000018000d0f8     kernel32:KERNEL32.dll
 0002:00000100       __imp_ExitProcess          000000018000d100     kernel32:KERNEL32.dll
 0002:00000108       __imp_GetModuleHandleExW   000000018000d108     kernel32:KERNEL32.dll
 0002:00000110       __imp_GetModuleFileNameW   000000018000d110     kernel32:KERNEL32.dll
 0002:00000118       __imp_LCMapStringW         000000018000d118     kernel32:KERNEL32.dll
 0002:00000120       __imp_HeapAlloc            000000018000d120     kernel32:KERNEL32.dll
 0002:00000128       __imp_HeapFree             000000018000d128     kernel32:KERNEL32.dll
 0002:00000130       __imp_FindClose            000000018000d130     kernel32:KERNEL32.dll
 0002:00000138       __imp_FindFirstFileExW     000000018000d138     kernel32:KERNEL32.dll
 0002:00000140       __imp_FindNextFileW        000000018000d140     kernel32:KERNEL32.dll
 0002:00000148       __imp_IsValidCodePage      000000018000d148     kernel32:KERNEL32.dll
 0002:00000150       __imp_GetACP               000000018000d150     kernel32:KERNEL32.dll
 0002:00000158       __imp_GetOEMCP             000000018000d158     kernel32:KERNEL32.dll
 0002:00000160       __imp_GetCPInfo            000000018000d160     kernel32:KERNEL32.dll
 0002:00000168       __imp_GetCommandLineA      000000018000d168     kernel32:KERNEL32.dll
 0002:00000170       __imp_GetCommandLineW      000000018000d170     kernel32:KERNEL32.dll
 0002:00000178       __imp_MultiByteToWideChar  000000018000d178     kernel32:KERNEL32.dll
 0002:00000180       __imp_WideCharToMultiByte  000000018000d180     kernel32:KERNEL32.dll
 0002:00000188       __imp_GetEnvironmentStringsW 000000018000d188     kernel32:KERNEL32.dll
 0002:00000190       __imp_FreeEnvironmentStringsW 000000018000d190     kernel32:KERNEL32.dll
 0002:00000198       __imp_GetProcessHeap       000000018000d198     kernel32:KERNEL32.dll
 0002:000001a0       __imp_GetStdHandle         000000018000d1a0     kernel32:KERNEL32.dll
 0002:000001a8       __imp_GetFileType          000000018000d1a8     kernel32:KERNEL32.dll
 0002:000001b0       __imp_GetStringTypeW       000000018000d1b0     kernel32:KERNEL32.dll
 0002:000001b8       __imp_HeapSize             000000018000d1b8     kernel32:KERNEL32.dll
 0002:000001c0       __imp_HeapReAlloc          000000018000d1c0     kernel32:KERNEL32.dll
 0002:000001c8       __imp_SetStdHandle         000000018000d1c8     kernel32:KERNEL32.dll
 0002:000001d0       __imp_FlushFileBuffers     000000018000d1d0     kernel32:KERNEL32.dll
 0002:000001d8       __imp_WriteFile            000000018000d1d8     kernel32:KERNEL32.dll
 0002:000001e0       __imp_GetConsoleOutputCP   000000018000d1e0     kernel32:KERNEL32.dll
 0002:000001e8       __imp_GetConsoleMode       000000018000d1e8     kernel32:KERNEL32.dll
 0002:000001f0       __imp_SetFilePointerEx     000000018000d1f0     kernel32:KERNEL32.dll
 0002:000001f8       __imp_CreateFileW          000000018000d1f8     kernel32:KERNEL32.dll
 0002:00000200       __imp_CloseHandle          000000018000d200     kernel32:KERNEL32.dll
 0002:00000208       __imp_WriteConsoleW        000000018000d208     kernel32:KERNEL32.dll
 0002:00000210       \177KERNEL32_NULL_THUNK_DATA 000000018000d210     kernel32:KERNEL32.dll
 0002:00000218       __guard_check_icall_fptr   000000018000d218     LIBCMT:guard_support.obj
 0002:00000220       __guard_xfg_check_icall_fptr 000000018000d220     LIBCMT:guard_support.obj
 0002:00000228       __guard_dispatch_icall_fptr 000000018000d228     LIBCMT:guard_support.obj
 0002:00000230       __guard_xfg_dispatch_icall_fptr 000000018000d230     LIBCMT:guard_support.obj
 0002:00000238       __guard_xfg_table_dispatch_icall_fptr 000000018000d238     LIBCMT:guard_support.obj
 0002:00000240       __xc_a                     000000018000d240     LIBCMT:initializers.obj
 0002:00000248       __xc_z                     000000018000d248     LIBCMT:initializers.obj
 0002:00000250       __xi_a                     000000018000d250     LIBCMT:initializers.obj
 0002:00000258       __acrt_multibyte_initializer 000000018000d258     libucrt:multibyte_initializer.obj
 0002:00000260       __acrt_stdio_initializer   000000018000d260     libucrt:stdio_initializer.obj
 0002:00000268       __acrt_tran_fma3_initializer 000000018000d268     libucrt:fma3_initializer.obj
 0002:00000270       __xi_z                     000000018000d270     LIBCMT:initializers.obj
 0002:00000278       __xp_a                     000000018000d278     LIBCMT:initializers.obj
 0002:00000280       __acrt_locale_terminator   000000018000d280     libucrt:locale_initializer.obj
 0002:00000288       __dcrt_console_output_terminator 000000018000d288     libucrt:console_output_initializer.obj
 0002:00000290       __acrt_stdio_terminator    000000018000d290     libucrt:stdio_initializer.obj
 0002:00000298       __xp_z                     000000018000d298     LIBCMT:initializers.obj
 0002:000002a0       __xt_a                     000000018000d2a0     LIBCMT:initializers.obj
 0002:000002a8       __xt_z                     000000018000d2a8     LIBCMT:initializers.obj
 0002:000002b4       __real@00000000            000000018000d2b4     Sunshine.obj
 0002:000002b8       __real@3f800000            000000018000d2b8     Sunshine.obj
 0002:000002bc       __real@40000000            000000018000d2bc     Sunshine.obj
 0002:000002c0       __real@43480000            000000018000d2c0     Sunshine.obj
 0002:000002c4       __real@4f800000            000000018000d2c4     Sunshine.obj
 0002:000002c8       _pRawDllMain               000000018000d2c8     LIBCMT:dll_dllmain.obj
 0002:000002c8       _pDefaultRawDllMain        000000018000d2c8     LIBCMT:dll_dllmain.obj
 0002:000002e0       __xmm@ffffffffffffffffffffffffffffffff 000000018000d2e0     LIBCMT:utility.obj
 0002:000002f0       _pDestructExceptionObject  000000018000d2f0     libvcruntime:ehhelpers.obj
 0002:00000a00       ??_C@_08EHJDFFNH@__based?$CI@ 000000018000da00     libvcruntime:undname.obj
 0002:00000a10       ??_C@_07KOLFKCDI@__cdecl@  000000018000da10     libvcruntime:undname.obj
 0002:00000a18       ??_C@_08GHMPAG@__pascal@   000000018000da18     libvcruntime:undname.obj
 0002:00000a28       ??_C@_09IFJBGAPI@__stdcall@ 000000018000da28     libvcruntime:undname.obj
 0002:00000a38       ??_C@_0L@NPHFGOKO@__thiscall@ 000000018000da38     libvcruntime:undname.obj
 0002:00000a48       ??_C@_0L@JMKHOMEK@__fastcall@ 000000018000da48     libvcruntime:undname.obj
 0002:00000a58       ??_C@_0N@BCKKPABJ@__vectorcall@ 000000018000da58     libvcruntime:undname.obj
 0002:00000a68       ??_C@_09HIJEGCPM@__clrcall@ 000000018000da68     libvcruntime:undname.obj
 0002:00000a74       ??_C@_06GHPCKEAG@__eabi@   000000018000da74     libvcruntime:undname.obj
 0002:00000a80       ??_C@_09IOPIDJLG@__swift_1@ 000000018000da80     libvcruntime:undname.obj
 0002:00000a90       ??_C@_09KFNFGKHF@__swift_2@ 000000018000da90     libvcruntime:undname.obj
 0002:00000aa0       ??_C@_07JOMMBBKO@__ptr64@  000000018000daa0     libvcruntime:undname.obj
 0002:00000aa8       ??_C@_0L@PILCLIHE@__restrict@ 000000018000daa8     libvcruntime:undname.obj
 0002:00000ab8       ??_C@_0M@GFIIJFMG@__unaligned@ 000000018000dab8     libvcruntime:undname.obj
 0002:00000ac8       ??_C@_09DHDLOLLB@restrict?$CI@ 000000018000dac8     libvcruntime:undname.obj
 0002:00000ad2       ??_C@_00CNPNBAHC@@         000000018000dad2     libvcruntime:undname.obj
 0002:00000ad4       ??_C@_04NIHEBCM@?5new@     000000018000dad4     libvcruntime:undname.obj
 0002:00000ae0       ??_C@_07FPCDHGMM@?5delete@ 000000018000dae0     libvcruntime:undname.obj
 0002:00000ae8       ??_C@_01NEMOKFLO@?$DN@     000000018000dae8     libvcruntime:undname.obj
 0002:00000aec       ??_C@_02GPIOPFAK@?$DO?$DO@ 000000018000daec     libvcruntime:undname.obj
 0002:00000af0       ??_C@_02FODMEDOG@?$DM?$DM@ 000000018000daf0     libvcruntime:undname.obj
 0002:00000af4       ??_C@_01DCLJPIOD@?$CB@     000000018000daf4     libvcruntime:undname.obj
 0002:00000af8       ??_C@_02EGOFBIJA@?$DN?$DN@ 000000018000daf8     libvcruntime:undname.obj
 0002:00000afc       ??_C@_02FDNJECIE@?$CB?$DN@ 000000018000dafc     libvcruntime:undname.obj
 0002:00000b00       ??_C@_02GPECMEKF@?$FL?$FN@ 000000018000db00     libvcruntime:undname.obj
 0002:00000b08       ??_C@_08LHJFAFGD@operator@ 000000018000db08     libvcruntime:undname.obj
 0002:00000b14       ??_C@_02HBOOOICD@?9?$DO@   000000018000db14     libvcruntime:undname.obj
 0002:00000b18       ??_C@_01NBENCBCI@?$CK@     000000018000db18     libvcruntime:undname.obj
 0002:00000b1c       ??_C@_02ECNGHCIF@?$CL?$CL@ 000000018000db1c     libvcruntime:undname.obj
 0002:00000b20       ??_C@_02BAABKJLB@?9?9@     000000018000db20     libvcruntime:undname.obj
 0002:00000b24       ??_C@_01JOAMLHOP@?9@       000000018000db24     libvcruntime:undname.obj
 0002:00000b28       ??_C@_01MIFGBAGJ@?$CL@     000000018000db28     libvcruntime:undname.obj
 0002:00000b2c       ??_C@_01HNPIGOCE@?$CG@     000000018000db2c     libvcruntime:undname.obj
 0002:00000b30       ??_C@_03MNHNFDLC@?9?$DO?$CK@ 000000018000db30     libvcruntime:undname.obj
 0002:00000b34       ??_C@_01KMDKNFGN@?1@       000000018000db34     libvcruntime:undname.obj
 0002:00000b38       ??_C@_01FGNFDNOH@?$CF@     000000018000db38     libvcruntime:undname.obj
 0002:00000b3c       ??_C@_01MNNFJEPP@?$DM@     000000018000db3c     libvcruntime:undname.obj
 0002:00000b40       ??_C@_02EHCHHCKH@?$DM?$DN@ 000000018000db40     libvcruntime:undname.obj
 0002:00000b44       ??_C@_01PPODPGHN@?$DO@     000000018000db44     libvcruntime:undname.obj
 0002:00000b48       ??_C@_02EEKDKGMJ@?$DO?$DN@ 000000018000db48     libvcruntime:undname.obj
 0002:00000b4c       ??_C@_01IHBHIGKO@?0@       000000018000db4c     libvcruntime:undname.obj
 0002:00000b50       ??_C@_02HCKGKOFO@?$CI?$CJ@ 000000018000db50     libvcruntime:undname.obj
 0002:00000b54       ??_C@_01PJKLJHI@?$HO@      000000018000db54     libvcruntime:undname.obj
 0002:00000b58       ??_C@_01JKBOJNNK@?$FO@     000000018000db58     libvcruntime:undname.obj
 0002:00000b5c       ??_C@_01DNKMNLPK@?$HM@     000000018000db5c     libvcruntime:undname.obj
 0002:00000b60       ??_C@_02PPKAJPJL@?$CG?$CG@ 000000018000db60     libvcruntime:undname.obj
 0002:00000b64       ??_C@_02NONPIBCD@?$HM?$HM@ 000000018000db64     libvcruntime:undname.obj
 0002:00000b68       ??_C@_02FPIMKNGF@?$CK?$DN@ 000000018000db68     libvcruntime:undname.obj
 0002:00000b6c       ??_C@_02FOEOMHFC@?$CL?$DN@ 000000018000db6c     libvcruntime:undname.obj
 0002:00000b70       ??_C@_02FKMDLLOA@?9?$DN@   000000018000db70     libvcruntime:undname.obj
 0002:00000b74       ??_C@_02FJEHGPIO@?1?$DN@   000000018000db74     libvcruntime:undname.obj
 0002:00000b78       ??_C@_02FENAOKFI@?$CF?$DN@ 000000018000db78     libvcruntime:undname.obj
 0002:00000b7c       ??_C@_03IKFCCPFF@?$DO?$DO?$DN@ 000000018000db7c     libvcruntime:undname.obj
 0002:00000b80       ??_C@_03CDNPDDLA@?$DM?$DM?$DN@ 000000018000db80     libvcruntime:undname.obj
 0002:00000b84       ??_C@_02FGJGFEAB@?$CG?$DN@ 000000018000db84     libvcruntime:undname.obj
 0002:00000b88       ??_C@_02DHLNPPGH@?$HM?$DN@ 000000018000db88     libvcruntime:undname.obj
 0002:00000b8c       ??_C@_02MHEGNOJ@?$FO?$DN@  000000018000db8c     libvcruntime:undname.obj
 0002:00000b90       ??_C@_09IFPLHPGF@?$GAvftable?8@ 000000018000db90     libvcruntime:undname.obj
 0002:00000ba0       ??_C@_09BLBHBJP@?$GAvbtable?8@ 000000018000dba0     libvcruntime:undname.obj
 0002:00000bb0       ??_C@_07FEEIOKP@?$GAvcall?8@ 000000018000dbb0     libvcruntime:undname.obj
 0002:00000bb8       ??_C@_08LLFFHHDJ@?$GAtypeof?8@ 000000018000dbb8     libvcruntime:undname.obj
 0002:00000bc8       ??_C@_0BF@KDPPACIK@?$GAlocal?5static?5guard?8@ 000000018000dbc8     libvcruntime:undname.obj
 0002:00000be0       ??_C@_08OBABFOLI@?$GAstring?8@ 000000018000dbe0     libvcruntime:undname.obj
 0002:00000bf0       ??_C@_0BD@JDLKDPAB@?$GAvbase?5destructor?8@ 000000018000dbf0     libvcruntime:undname.obj
 0002:00000c08       ??_C@_0BN@DEGPLNFK@?$GAvector?5deleting?5destructor?8@ 000000018000dc08     libvcruntime:undname.obj
 0002:00000c28       ??_C@_0BO@OBMKPJIG@?$GAdefault?5constructor?5closure?8@ 000000018000dc28     libvcruntime:undname.obj
 0002:00000c48       ??_C@_0BN@IMDCHIKM@?$GAscalar?5deleting?5destructor?8@ 000000018000dc48     libvcruntime:undname.obj
 0002:00000c68       ??_C@_0BO@PFGOCPJJ@?$GAvector?5constructor?5iterator?8@ 000000018000dc68     libvcruntime:undname.obj
 0002:00000c88       ??_C@_0BN@LFPFMEDL@?$GAvector?5destructor?5iterator?8@ 000000018000dc88     libvcruntime:undname.obj
 0002:00000ca8       ??_C@_0CE@IKBNEHA@?$GAvector?5vbase?5constructor?5itera@ 000000018000dca8     libvcruntime:undname.obj
 0002:00000cd0       ??_C@_0BL@NILFHHPC@?$GAvirtual?5displacement?5map?8@ 000000018000dcd0     libvcruntime:undname.obj
 0002:00000cf0       ??_C@_0CB@JONCMFFK@?$GAeh?5vector?5constructor?5iterator@ 000000018000dcf0     libvcruntime:undname.obj
 0002:00000d18       ??_C@_0CA@GCEOPDGL@?$GAeh?5vector?5destructor?5iterator?8@ 000000018000dd18     libvcruntime:undname.obj
 0002:00000d38       ??_C@_0CH@OOJPLCPH@?$GAeh?5vector?5vbase?5constructor?5it@ 000000018000dd38     libvcruntime:undname.obj
 0002:00000d60       ??_C@_0BL@LLKPOHJI@?$GAcopy?5constructor?5closure?8@ 000000018000dd60     libvcruntime:undname.obj
 0002:00000d80       ??_C@_0BA@KBCDOMBN@?$GAudt?5returning?8@ 000000018000dd80     libvcruntime:undname.obj
 0002:00000d90       ??_C@_03KLGMFNMG@?$GAEH@   000000018000dd90     libvcruntime:undname.obj
 0002:00000d94       ??_C@_05KHLCHHI@?$GARTTI@  000000018000dd94     libvcruntime:undname.obj
 0002:00000da0       ??_C@_0BA@KKLDJDLB@?$GAlocal?5vftable?8@ 000000018000dda0     libvcruntime:undname.obj
 0002:00000db0       ??_C@_0CE@IIHCMGGL@?$GAlocal?5vftable?5constructor?5clos@ 000000018000ddb0     libvcruntime:undname.obj
 0002:00000dd4       ??_C@_06FHBGPFGH@?5new?$FL?$FN@ 000000018000ddd4     libvcruntime:undname.obj
 0002:00000de0       ??_C@_09LBNFPBCA@?5delete?$FL?$FN@ 000000018000dde0     libvcruntime:undname.obj
 0002:00000df0       ??_C@_0P@HJKNJFNN@?$GAomni?5callsig?8@ 000000018000ddf0     libvcruntime:undname.obj
 0002:00000e00       ??_C@_0BL@CNOONJFP@?$GAplacement?5delete?5closure?8@ 000000018000de00     libvcruntime:undname.obj
 0002:00000e20       ??_C@_0BN@CKNJLHMB@?$GAplacement?5delete?$FL?$FN?5closure?8@ 000000018000de20     libvcruntime:undname.obj
 0002:00000e40       ??_C@_0CG@CFDHKGGD@?$GAmanaged?5vector?5constructor?5ite@ 000000018000de40     libvcruntime:undname.obj
 0002:00000e68       ??_C@_0CF@IMGKMJNO@?$GAmanaged?5vector?5destructor?5iter@ 000000018000de68     libvcruntime:undname.obj
 0002:00000e90       ??_C@_0CG@HLDDJMAG@?$GAeh?5vector?5copy?5constructor?5ite@ 000000018000de90     libvcruntime:undname.obj
 0002:00000eb8       ??_C@_0CM@FCBBDIGB@?$GAeh?5vector?5vbase?5copy?5construct@ 000000018000deb8     libvcruntime:undname.obj
 0002:00000ee8       ??_C@_0BL@CLIPGLGB@?$GAdynamic?5initializer?5for?5?8@ 000000018000dee8     libvcruntime:undname.obj
 0002:00000f08       ??_C@_0CB@PDBIFEP@?$GAdynamic?5atexit?5destructor?5for?5@ 000000018000df08     libvcruntime:undname.obj
 0002:00000f30       ??_C@_0CD@CGAJBKEJ@?$GAvector?5copy?5constructor?5iterat@ 000000018000df30     libvcruntime:undname.obj
 0002:00000f58       ??_C@_0CJ@GJELGAMM@?$GAvector?5vbase?5copy?5constructor?5@ 000000018000df58     libvcruntime:undname.obj
 0002:00000f88       ??_C@_0CL@FGIJHLCE@?$GAmanaged?5vector?5copy?5constructo@ 000000018000df88     libvcruntime:undname.obj
 0002:00000fb8       ??_C@_0BM@PMGGMLDN@?$GAlocal?5static?5thread?5guard?8@ 000000018000dfb8     libvcruntime:undname.obj
 0002:00000fd8       ??_C@_0N@BDNMDMOL@operator?5?$CC?$CC?5@ 000000018000dfd8     libvcruntime:undname.obj
 0002:00000fe8       ??_C@_0BC@GGEBGALA@operator?5co_await@ 000000018000dfe8     libvcruntime:undname.obj
 0002:00001000       ??_C@_0M@GAAIMMOH@operator?$DM?$DN?$DO@ 000000018000e000     libvcruntime:undname.obj
 0002:00001010       ??_C@_0BC@DAFEJGAK@?5Type?5Descriptor?8@ 000000018000e010     libvcruntime:undname.obj
 0002:00001028       ??_C@_0BM@LDKODKLH@?5Base?5Class?5Descriptor?5at?5?$CI@ 000000018000e028     libvcruntime:undname.obj
 0002:00001048       ??_C@_0BD@LGICGFMM@?5Base?5Class?5Array?8@ 000000018000e048     libvcruntime:undname.obj
 0002:00001060       ??_C@_0BN@MECKDCOJ@?5Class?5Hierarchy?5Descriptor?8@ 000000018000e060     libvcruntime:undname.obj
 0002:00001080       ??_C@_0BK@CFCOFLF@?5Complete?5Object?5Locator?8@ 000000018000e080     libvcruntime:undname.obj
 0002:000010a0       ??_C@_0BG@JNJLAMPM@?$GAanonymous?5namespace?8@ 000000018000e0a0     libvcruntime:undname.obj
 0002:000010d0       ??_C@_1DM@KHCHBNEB@?$AAa?$AAp?$AAi?$AA?9?$AAm?$AAs?$AA?9?$AAw?$AAi?$AAn?$AA?9?$AAc?$AAo?$AAr?$AAe@ 000000018000e0d0     libvcruntime:winapi_downlevel.obj
 0002:00001110       ??_C@_1DK@LPPGFMPP@?$AAa?$AAp?$AAi?$AA?9?$AAm?$AAs?$AA?9?$AAw?$AAi?$AAn?$AA?9?$AAc?$AAo?$AAr?$AAe@ 000000018000e110     libvcruntime:winapi_downlevel.obj
 0002:00001150       ??_C@_1BC@GDMECMAK@?$AAk?$AAe?$AAr?$AAn?$AAe?$AAl?$AA3?$AA2@ 000000018000e150     libvcruntime:winapi_downlevel.obj
 0002:00001168       ??_C@_1BA@PFFKHIOG@?$AAa?$AAp?$AAi?$AA?9?$AAm?$AAs?$AA?9@ 000000018000e168     libvcruntime:winapi_downlevel.obj
 0002:00001180       ??_C@_08KNHFBNJ@FlsAlloc@  000000018000e180     libvcruntime:winapi_downlevel.obj
 0002:00001198       ??_C@_07PEJMOBNF@FlsFree@  000000018000e198     libvcruntime:winapi_downlevel.obj
 0002:000011a8       ??_C@_0M@GDNOONDI@FlsGetValue@ 000000018000e1a8     libvcruntime:winapi_downlevel.obj
 0002:000011c0       ??_C@_0M@JCPCPOEF@FlsSetValue@ 000000018000e1c0     libvcruntime:winapi_downlevel.obj
 0002:000011d8       ??_C@_0BM@HCFOFFN@InitializeCriticalSectionEx@ 000000018000e1d8     libvcruntime:winapi_downlevel.obj
 0002:000011f4       ??_C@_04EIAKFFMI@sqrt@     000000018000e1f4     libucrt:sqrt.obj
 0002:00001200       __acrt_exception_action_table 000000018000e200     libucrt:exception_filter.obj
 0002:000012c0       __acrt_signal_action_table_count 000000018000e2c0     libucrt:exception_filter.obj
 0002:000012c8       __acrt_signal_action_first_fpe_index 000000018000e2c8     libucrt:exception_filter.obj
 0002:000012d0       __acrt_signal_action_fpe_count 000000018000e2d0     libucrt:exception_filter.obj
 0002:000012d8       ??_C@_1BI@BGOHAHKC@?$AAm?$AAs?$AAc?$AAo?$AAr?$AAe?$AAe?$AA?4?$AAd?$AAl?$AAl@ 000000018000e2d8     libucrt:exit.obj
 0002:000012f0       ??_C@_0P@MIGLKIOC@CorExitProcess@ 000000018000e2f0     libucrt:exit.obj
 0002:00001610       ??_C@_1EA@JGEFHKEI@?$AAa?$AAp?$AAi?$AA?9?$AAm?$AAs?$AA?9?$AAw?$AAi?$AAn?$AA?9?$AAc?$AAo?$AAr?$AAe@ 000000018000e610     libucrt:winapi_thunks.obj
 0002:00001650       ??_C@_1DI@IJCEHOCB@?$AAa?$AAp?$AAi?$AA?9?$AAm?$AAs?$AA?9?$AAw?$AAi?$AAn?$AA?9?$AAc?$AAo?$AAr?$AAe@ 000000018000e650     libucrt:winapi_thunks.obj
 0002:00001690       ??_C@_1EI@MPIAOHOC@?$AAa?$AAp?$AAi?$AA?9?$AAm?$AAs?$AA?9?$AAw?$AAi?$AAn?$AA?9?$AAc?$AAo?$AAr?$AAe@ 000000018000e690     libucrt:winapi_thunks.obj
 0002:000016e0       ??_C@_1FK@FPHCKFIE@?$AAa?$AAp?$AAi?$AA?9?$AAm?$AAs?$AA?9?$AAw?$AAi?$AAn?$AA?9?$AAc?$AAo?$AAr?$AAe@ 000000018000e6e0     libucrt:winapi_thunks.obj
 0002:00001740       ??_C@_1EM@DILCGIIO@?$AAa?$AAp?$AAi?$AA?9?$AAm?$AAs?$AA?9?$AAw?$AAi?$AAn?$AA?9?$AAc?$AAo?$AAr?$AAe@ 000000018000e740     libucrt:winapi_thunks.obj
 0002:00001790       ??_C@_1DM@LNCGDDPN@?$AAa?$AAp?$AAi?$AA?9?$AAm?$AAs?$AA?9?$AAw?$AAi?$AAn?$AA?9?$AAc?$AAo?$AAr?$AAe@ 000000018000e790     libucrt:winapi_thunks.obj
 0002:000017d0       ??_C@_1DO@FPAPJEMD@?$AAa?$AAp?$AAi?$AA?9?$AAm?$AAs?$AA?9?$AAw?$AAi?$AAn?$AA?9?$AAc?$AAo?$AAr?$AAe@ 000000018000e7d0     libucrt:winapi_thunks.obj
 0002:00001810       ??_C@_1DK@NDHNAHIO@?$AAa?$AAp?$AAi?$AA?9?$AAm?$AAs?$AA?9?$AAw?$AAi?$AAn?$AA?9?$AAc?$AAo?$AAr?$AAe@ 000000018000e810     libucrt:winapi_thunks.obj
 0002:00001850       ??_C@_1DM@KGHDGBCM@?$AAa?$AAp?$AAi?$AA?9?$AAm?$AAs?$AA?9?$AAw?$AAi?$AAn?$AA?9?$AAc?$AAo?$AAr?$AAe@ 000000018000e850     libucrt:winapi_thunks.obj
 0002:00001890       ??_C@_1EO@IJIOEFOH@?$AAa?$AAp?$AAi?$AA?9?$AAm?$AAs?$AA?9?$AAw?$AAi?$AAn?$AA?9?$AAr?$AAt?$AAc?$AAo@ 000000018000e890     libucrt:winapi_thunks.obj
 0002:000018e0       ??_C@_1FG@HHGEKANL@?$AAa?$AAp?$AAi?$AA?9?$AAm?$AAs?$AA?9?$AAw?$AAi?$AAn?$AA?9?$AAs?$AAe?$AAc?$AAu@ 000000018000e8e0     libucrt:winapi_thunks.obj
 0002:00001940       ??_C@_1EG@DBIOJECG@?$AAe?$AAx?$AAt?$AA?9?$AAm?$AAs?$AA?9?$AAw?$AAi?$AAn?$AA?9?$AAn?$AAt?$AAu?$AAs@ 000000018000e940     libucrt:winapi_thunks.obj
 0002:00001990       ??_C@_1EO@FIHMJCLF@?$AAe?$AAx?$AAt?$AA?9?$AAm?$AAs?$AA?9?$AAw?$AAi?$AAn?$AA?9?$AAn?$AAt?$AAu?$AAs@ 000000018000e990     libucrt:winapi_thunks.obj
 0002:000019e0       ??_C@_1BC@DNHGCMLG@?$AAa?$AAd?$AAv?$AAa?$AAp?$AAi?$AA3?$AA2@ 000000018000e9e0     libucrt:winapi_thunks.obj
 0002:000019f8       ??_C@_1M@OAIMIKLP@?$AAn?$AAt?$AAd?$AAl?$AAl@ 000000018000e9f8     libucrt:winapi_thunks.obj
 0002:00001a10       ??_C@_1EG@DPGNFKGC@?$AAa?$AAp?$AAi?$AA?9?$AAm?$AAs?$AA?9?$AAw?$AAi?$AAn?$AA?9?$AAa?$AAp?$AAp?$AAm@ 000000018000ea10     libucrt:winapi_thunks.obj
 0002:00001a58       ??_C@_1O@BCCLBEOE@?$AAu?$AAs?$AAe?$AAr?$AA3?$AA2@ 000000018000ea58     libucrt:winapi_thunks.obj
 0002:00001a68       ??_C@_1BA@IAIFMGEF@?$AAe?$AAx?$AAt?$AA?9?$AAm?$AAs?$AA?9@ 000000018000ea68     libucrt:winapi_thunks.obj
 0002:00001a80       ??_C@_0BA@FHFNEAED@AreFileApisANSI@ 000000018000ea80     libucrt:winapi_thunks.obj
 0002:00001ac0       ??_C@_0O@KKBNKAPF@LCMapStringEx@ 000000018000eac0     libucrt:winapi_thunks.obj
 0002:00001ad8       ??_C@_0BB@HBDEELFH@LocaleNameToLCID@ 000000018000ead8     libucrt:winapi_thunks.obj
 0002:00001af0       ??_C@_0CF@OJOFEIGO@AppPolicyGetProcessTerminationM@ 000000018000eaf0     libucrt:winapi_thunks.obj
 0002:00001b38       ??_C@_1M@HPNHIDJI@?$AAj?$AAa?$AA?9?$AAJ?$AAP@ 000000018000eb38     libucrt:mbctype.obj
 0002:00001b48       ??_C@_1M@BIBDDEMK@?$AAz?$AAh?$AA?9?$AAC?$AAN@ 000000018000eb48     libucrt:mbctype.obj
 0002:00001b58       ??_C@_1M@JLOOOEGK@?$AAk?$AAo?$AA?9?$AAK?$AAR@ 000000018000eb58     libucrt:mbctype.obj
 0002:00001b68       ??_C@_1M@CLNBBOPM@?$AAz?$AAh?$AA?9?$AAT?$AAW@ 000000018000eb68     libucrt:mbctype.obj
 0002:00001b80       __lc_time_c                000000018000eb80     libucrt:nlsdata.obj
 0002:00001e40       ??_C@_03KOEHGMDN@Sun@      000000018000ee40     libucrt:nlsdata.obj
 0002:00001e44       ??_C@_03PDAGKDH@Mon@       000000018000ee44     libucrt:nlsdata.obj
 0002:00001e48       ??_C@_03NAGEINEP@Tue@      000000018000ee48     libucrt:nlsdata.obj
 0002:00001e4c       ??_C@_03MHOMLAJA@Wed@      000000018000ee4c     libucrt:nlsdata.obj
 0002:00001e50       ??_C@_03IOFIKPDN@Thu@      000000018000ee50     libucrt:nlsdata.obj
 0002:00001e54       ??_C@_03IDIOELNC@Fri@      000000018000ee54     libucrt:nlsdata.obj
 0002:00001e58       ??_C@_03FEFJNEK@Sat@       000000018000ee58     libucrt:nlsdata.obj
 0002:00001e5c       ??_C@_06OOPIFAJ@Sunday@    000000018000ee5c     libucrt:nlsdata.obj
 0002:00001e64       ??_C@_06JLEDEDGH@Monday@   000000018000ee64     libucrt:nlsdata.obj
 0002:00001e70       ??_C@_07BAAGCFCM@Tuesday@  000000018000ee70     libucrt:nlsdata.obj
 0002:00001e78       ??_C@_09DLIGFAKA@Wednesday@ 000000018000ee78     libucrt:nlsdata.obj
 0002:00001e88       ??_C@_08HACCIKIA@Thursday@ 000000018000ee88     libucrt:nlsdata.obj
 0002:00001e94       ??_C@_06JECMNKMI@Friday@   000000018000ee94     libucrt:nlsdata.obj
 0002:00001ea0       ??_C@_08INBOOONO@Saturday@ 000000018000eea0     libucrt:nlsdata.obj
 0002:00001eac       ??_C@_03JIHJHPIE@Jan@      000000018000eeac     libucrt:nlsdata.obj
 0002:00001eb0       ??_C@_03HJBDCHOM@Feb@      000000018000eeb0     libucrt:nlsdata.obj
 0002:00001eb4       ??_C@_03ODNJBKGA@Mar@      000000018000eeb4     libucrt:nlsdata.obj
 0002:00001eb8       ??_C@_03LEOLGMJP@Apr@      000000018000eeb8     libucrt:nlsdata.obj
 0002:00001ebc       ??_C@_03CNMDKL@May@        000000018000eebc     libucrt:nlsdata.obj
 0002:00001ec0       ??_C@_03IDFGHECI@Jun@      000000018000eec0     libucrt:nlsdata.obj
 0002:00001ec4       ??_C@_03LBGABGKK@Jul@      000000018000eec4     libucrt:nlsdata.obj
 0002:00001ec8       ??_C@_03IFJFEIGA@Aug@      000000018000eec8     libucrt:nlsdata.obj
 0002:00001ecc       ??_C@_03GGCAPAJC@Sep@      000000018000eecc     libucrt:nlsdata.obj
 0002:00001ed0       ??_C@_03BMAOKBAD@Oct@      000000018000eed0     libucrt:nlsdata.obj
 0002:00001ed4       ??_C@_03JPJOFNIA@Nov@      000000018000eed4     libucrt:nlsdata.obj
 0002:00001ed8       ??_C@_03MKABNOCG@Dec@      000000018000eed8     libucrt:nlsdata.obj
 0002:00001ee0       ??_C@_07CGJPFGJA@January@  000000018000eee0     libucrt:nlsdata.obj
 0002:00001ee8       ??_C@_08GNJGEPFN@February@ 000000018000eee8     libucrt:nlsdata.obj
 0002:00001ef4       ??_C@_05HPCKOFNC@March@    000000018000eef4     libucrt:nlsdata.obj
 0002:00001efc       ??_C@_05DMJDNLEJ@April@    000000018000eefc     libucrt:nlsdata.obj
 0002:00001f04       ??_C@_04CNLMGBGM@June@     000000018000ef04     libucrt:nlsdata.obj
 0002:00001f0c       ??_C@_04MIEPOIFP@July@     000000018000ef0c     libucrt:nlsdata.obj
 0002:00001f14       ??_C@_06LBBHFDDG@August@   000000018000ef14     libucrt:nlsdata.obj
 0002:00001f20       ??_C@_09BHHEALKD@September@ 000000018000ef20     libucrt:nlsdata.obj
 0002:00001f30       ??_C@_07JJNFCEND@October@  000000018000ef30     libucrt:nlsdata.obj
 0002:00001f38       ??_C@_08HCHEGEOA@November@ 000000018000ef38     libucrt:nlsdata.obj
 0002:00001f48       ??_C@_08EDHMEBNP@December@ 000000018000ef48     libucrt:nlsdata.obj
 0002:00001f54       ??_C@_02DEDBPAFC@AM@       000000018000ef54     libucrt:nlsdata.obj
 0002:00001f58       ??_C@_02CJNFDJBF@PM@       000000018000ef58     libucrt:nlsdata.obj
 0002:00001f60       ??_C@_08BPBNCDIB@MM?1dd?1yy@ 000000018000ef60     libucrt:nlsdata.obj
 0002:00001f70       ??_C@_0BE@CKGJFCPC@dddd?0?5MMMM?5dd?0?5yyyy@ 000000018000ef70     libucrt:nlsdata.obj
 0002:00001f88       ??_C@_08JCCMCCIL@HH?3mm?3ss@ 000000018000ef88     libucrt:nlsdata.obj
 0002:00001f98       ??_C@_17MBGCMIPB@?$AAS?$AAu?$AAn@ 000000018000ef98     libucrt:nlsdata.obj
 0002:00001fa0       ??_C@_17KBOMKBF@?$AAM?$AAo?$AAn@ 000000018000efa0     libucrt:nlsdata.obj
 0002:00001fa8       ??_C@_17BMKGEGOJ@?$AAT?$AAu?$AAe@ 000000018000efa8     libucrt:nlsdata.obj
 0002:00001fb0       ??_C@_17CJEDCEPE@?$AAW?$AAe?$AAd@ 000000018000efb0     libucrt:nlsdata.obj
 0002:00001fb8       ??_C@_17PDPHAADD@?$AAT?$AAh?$AAu@ 000000018000efb8     libucrt:nlsdata.obj
 0002:00001fc0       ??_C@_17HFOLPPLP@?$AAF?$AAr?$AAi@ 000000018000efc0     libucrt:nlsdata.obj
 0002:00001fc8       ??_C@_17GGIBDPIH@?$AAS?$AAa?$AAt@ 000000018000efc8     libucrt:nlsdata.obj
 0002:00001fd0       ??_C@_1O@IHNHDHPB@?$AAS?$AAu?$AAn?$AAd?$AAa?$AAy@ 000000018000efd0     libucrt:nlsdata.obj
 0002:00001fe0       ??_C@_1O@MMNBFLIA@?$AAM?$AAo?$AAn?$AAd?$AAa?$AAy@ 000000018000efe0     libucrt:nlsdata.obj
 0002:00001ff0       ??_C@_1BA@ENFBFFEK@?$AAT?$AAu?$AAe?$AAs?$AAd?$AAa?$AAy@ 000000018000eff0     libucrt:nlsdata.obj
 0002:00002000       ??_C@_1BE@EBOGMDOH@?$AAW?$AAe?$AAd?$AAn?$AAe?$AAs?$AAd?$AAa?$AAy@ 000000018000f000     libucrt:nlsdata.obj
 0002:00002018       ??_C@_1BC@HHMNLIHE@?$AAT?$AAh?$AAu?$AAr?$AAs?$AAd?$AAa?$AAy@ 000000018000f018     libucrt:nlsdata.obj
 0002:00002030       ??_C@_1O@PDICJHAG@?$AAF?$AAr?$AAi?$AAd?$AAa?$AAy@ 000000018000f030     libucrt:nlsdata.obj
 0002:00002040       ??_C@_1BC@ENMNNPAJ@?$AAS?$AAa?$AAt?$AAu?$AAr?$AAd?$AAa?$AAy@ 000000018000f040     libucrt:nlsdata.obj
 0002:00002058       ??_C@_17DKNBKCHM@?$AAJ?$AAa?$AAn@ 000000018000f058     libucrt:nlsdata.obj
 0002:00002060       ??_C@_17LMDJEKJN@?$AAF?$AAe?$AAb@ 000000018000f060     libucrt:nlsdata.obj
 0002:00002068       ??_C@_17CKNLEDEC@?$AAM?$AAa?$AAr@ 000000018000f068     libucrt:nlsdata.obj
 0002:00002070       ??_C@_17LFPOIHDD@?$AAA?$AAp?$AAr@ 000000018000f070     libucrt:nlsdata.obj
 0002:00002078       ??_C@_17PNNKMEED@?$AAM?$AAa?$AAy@ 000000018000f078     libucrt:nlsdata.obj
 0002:00002080       ??_C@_17KCJGOCPB@?$AAJ?$AAu?$AAn@ 000000018000f080     libucrt:nlsdata.obj
 0002:00002088       ??_C@_17IJPCKHK@?$AAJ?$AAu?$AAl@ 000000018000f088     libucrt:nlsdata.obj
 0002:00002090       ??_C@_17ICPELBCN@?$AAA?$AAu?$AAg@ 000000018000f090     libucrt:nlsdata.obj
 0002:00002098       ??_C@_17HCHCOKMG@?$AAS?$AAe?$AAp@ 000000018000f098     libucrt:nlsdata.obj
 0002:000020a0       ??_C@_17FNLKOI@?$AAO?$AAc?$AAt@ 000000018000f0a0     libucrt:nlsdata.obj
 0002:000020a8       ??_C@_17BBDMLCIG@?$AAN?$AAo?$AAv@ 000000018000f0a8     libucrt:nlsdata.obj
 0002:000020b0       ??_C@_17EGKACKIF@?$AAD?$AAe?$AAc@ 000000018000f0b0     libucrt:nlsdata.obj
 0002:000020b8       ??_C@_1BA@EFMEIEBA@?$AAJ?$AAa?$AAn?$AAu?$AAa?$AAr?$AAy@ 000000018000f0b8     libucrt:nlsdata.obj
 0002:000020c8       ??_C@_1BC@JGDDFFAM@?$AAF?$AAe?$AAb?$AAr?$AAu?$AAa?$AAr?$AAy@ 000000018000f0c8     libucrt:nlsdata.obj
 0002:000020e0       ??_C@_1M@IKEENEDF@?$AAM?$AAa?$AAr?$AAc?$AAh@ 000000018000f0e0     libucrt:nlsdata.obj
 0002:000020f0       ??_C@_1M@GJNLMHFD@?$AAA?$AAp?$AAr?$AAi?$AAl@ 000000018000f0f0     libucrt:nlsdata.obj
 0002:00002100       ??_C@_19EPFLPGAP@?$AAJ?$AAu?$AAn?$AAe@ 000000018000f100     libucrt:nlsdata.obj
 0002:00002110       ??_C@_19BIFMLPCD@?$AAJ?$AAu?$AAl?$AAy@ 000000018000f110     libucrt:nlsdata.obj
 0002:00002120       ??_C@_1O@PAHLKOAC@?$AAA?$AAu?$AAg?$AAu?$AAs?$AAt@ 000000018000f120     libucrt:nlsdata.obj
 0002:00002130       ??_C@_1BE@DKAAMBJL@?$AAS?$AAe?$AAp?$AAt?$AAe?$AAm?$AAb?$AAe?$AAr@ 000000018000f130     libucrt:nlsdata.obj
 0002:00002148       ??_C@_1BA@EPANDLNG@?$AAO?$AAc?$AAt?$AAo?$AAb?$AAe?$AAr@ 000000018000f148     libucrt:nlsdata.obj
 0002:00002158       ??_C@_1BC@BGLIFPF@?$AAN?$AAo?$AAv?$AAe?$AAm?$AAb?$AAe?$AAr@ 000000018000f158     libucrt:nlsdata.obj
 0002:00002170       ??_C@_1BC@FEMKIFH@?$AAD?$AAe?$AAc?$AAe?$AAm?$AAb?$AAe?$AAr@ 000000018000f170     libucrt:nlsdata.obj
 0002:00002184       ??_C@_15ODEHAHHF@?$AAA?$AAM@ 000000018000f184     libucrt:nlsdata.obj
 0002:0000218c       ??_C@_15CLMNNGEL@?$AAP?$AAM@ 000000018000f18c     libucrt:nlsdata.obj
 0002:00002198       ??_C@_1BC@IEBCMHCM@?$AAM?$AAM?$AA?1?$AAd?$AAd?$AA?1?$AAy?$AAy@ 000000018000f198     libucrt:nlsdata.obj
 0002:000021b0       ??_C@_1CI@KNAKOEBC@?$AAd?$AAd?$AAd?$AAd?$AA?0?$AA?5?$AAM?$AAM?$AAM?$AAM?$AA?5?$AAd?$AAd?$AA?0?$AA?5@ 000000018000f1b0     libucrt:nlsdata.obj
 0002:000021d8       ??_C@_1BC@GDGBMEMK@?$AAH?$AAH?$AA?3?$AAm?$AAm?$AA?3?$AAs?$AAs@ 000000018000f1d8     libucrt:nlsdata.obj
 0002:000021f0       ??_C@_1M@BMHNFIME@?$AAe?$AAn?$AA?9?$AAU?$AAS@ 000000018000f1f0     libucrt:nlsdata.obj
 0002:00002200       __newctype                 000000018000f200     libucrt:ctype.obj
 0002:00002500       __newclmap                 000000018000f500     libucrt:ctype.obj
 0002:00002680       __newcumap                 000000018000f680     libucrt:ctype.obj
 0002:00003640       ??_C@_15EMKDOKLE@?$AAa?$AAr@ 0000000180010640     libucrt:lcidtoname_downlevel.obj
 0002:00003648       ??_C@_15KNPADPLH@?$AAb?$AAg@ 0000000180010648     libucrt:lcidtoname_downlevel.obj
 0002:00003650       ??_C@_15EDMHLDMO@?$AAc?$AAa@ 0000000180010650     libucrt:lcidtoname_downlevel.obj
 0002:00003658       ??_C@_1O@BPEAJADD@?$AAz?$AAh?$AA?9?$AAC?$AAH?$AAS@ 0000000180010658     libucrt:lcidtoname_downlevel.obj
 0002:00003668       ??_C@_15LJNHCMNK@?$AAc?$AAs@ 0000000180010668     libucrt:lcidtoname_downlevel.obj
 0002:00003670       ??_C@_15FOMCIDHG@?$AAd?$AAa@ 0000000180010670     libucrt:lcidtoname_downlevel.obj
 0002:00003678       ??_C@_15NBKABECB@?$AAd?$AAe@ 0000000180010678     libucrt:lcidtoname_downlevel.obj
 0002:00003680       ??_C@_15GHPEIIAO@?$AAe?$AAl@ 0000000180010680     libucrt:lcidtoname_downlevel.obj
 0002:00003688       ??_C@_15MNPNEAIF@?$AAe?$AAn@ 0000000180010688     libucrt:lcidtoname_downlevel.obj
 0002:00003690       ??_C@_15GPIOMPMH@?$AAe?$AAs@ 0000000180010690     libucrt:lcidtoname_downlevel.obj
 0002:00003698       ??_C@_15NGLOAKJC@?$AAf?$AAi@ 0000000180010698     libucrt:lcidtoname_downlevel.obj
 0002:000036a0       ??_C@_15FBKGNKAM@?$AAf?$AAr@ 00000001800106a0     libucrt:lcidtoname_downlevel.obj
 0002:000036a8       ??_C@_15KGGCNEFK@?$AAh?$AAe@ 00000001800106a8     libucrt:lcidtoname_downlevel.obj
 0002:000036b0       ??_C@_15PGHLIDMF@?$AAh?$AAu@ 00000001800106b0     libucrt:lcidtoname_downlevel.obj
 0002:000036b8       ??_C@_15BIEMAPLM@?$AAi?$AAs@ 00000001800106b8     libucrt:lcidtoname_downlevel.obj
 0002:000036c0       ??_C@_15IFJLDHAF@?$AAi?$AAt@ 00000001800106c0     libucrt:lcidtoname_downlevel.obj
 0002:000036c8       ??_C@_15GEMIOCAG@?$AAj?$AAa@ 00000001800106c8     libucrt:lcidtoname_downlevel.obj
 0002:000036d0       ??_C@_15EPELEGJA@?$AAk?$AAo@ 00000001800106d0     libucrt:lcidtoname_downlevel.obj
 0002:000036d8       ??_C@_15NDDHIMN@?$AAn?$AAl@ 00000001800106d8     libucrt:lcidtoname_downlevel.obj
 0002:000036e0       ??_C@_15BPIGNHCD@?$AAn?$AAo@ 00000001800106e0     libucrt:lcidtoname_downlevel.obj
 0002:000036e8       ??_C@_15DEOPBLCG@?$AAp?$AAl@ 00000001800106e8     libucrt:lcidtoname_downlevel.obj
 0002:000036f0       ??_C@_15KBECGEFG@?$AAp?$AAt@ 00000001800106f0     libucrt:lcidtoname_downlevel.obj
 0002:000036f8       ??_C@_15GLJCBFMD@?$AAr?$AAo@ 00000001800106f8     libucrt:lcidtoname_downlevel.obj
 0002:00003700       ??_C@_15FEDGKCDI@?$AAr?$AAu@ 0000000180010700     libucrt:lcidtoname_downlevel.obj
 0002:00003708       ??_C@_15GLKMLLHM@?$AAh?$AAr@ 0000000180010708     libucrt:lcidtoname_downlevel.obj
 0002:00003710       ??_C@_15CPKMFBDB@?$AAs?$AAk@ 0000000180010710     libucrt:lcidtoname_downlevel.obj
 0002:00003718       ??_C@_15BAAIOGMK@?$AAs?$AAq@ 0000000180010718     libucrt:lcidtoname_downlevel.obj
 0002:00003720       ??_C@_15INNPNOHD@?$AAs?$AAv@ 0000000180010720     libucrt:lcidtoname_downlevel.obj
 0002:00003728       ??_C@_15CABMMOGH@?$AAt?$AAh@ 0000000180010728     libucrt:lcidtoname_downlevel.obj
 0002:00003730       ??_C@_15BPLIHJJM@?$AAt?$AAr@ 0000000180010730     libucrt:lcidtoname_downlevel.obj
 0002:00003738       ??_C@_15NEOEKKDJ@?$AAu?$AAr@ 0000000180010738     libucrt:lcidtoname_downlevel.obj
 0002:00003740       ??_C@_15NFICGAJK@?$AAi?$AAd@ 0000000180010740     libucrt:lcidtoname_downlevel.obj
 0002:00003748       ??_C@_15PJPFLCCM@?$AAu?$AAk@ 0000000180010748     libucrt:lcidtoname_downlevel.obj
 0002:00003750       ??_C@_15HPJPHDM@?$AAb?$AAe@ 0000000180010750     libucrt:lcidtoname_downlevel.obj
 0002:00003758       ??_C@_15LCHLGJII@?$AAs?$AAl@ 0000000180010758     libucrt:lcidtoname_downlevel.obj
 0002:00003760       ??_C@_15PCFJPHHO@?$AAe?$AAt@ 0000000180010760     libucrt:lcidtoname_downlevel.obj
 0002:00003768       ??_C@_15HPFPGODN@?$AAl?$AAv@ 0000000180010768     libucrt:lcidtoname_downlevel.obj
 0002:00003770       ??_C@_15NFFGKGLG@?$AAl?$AAt@ 0000000180010770     libucrt:lcidtoname_downlevel.obj
 0002:00003778       ??_C@_15BDAKCCHN@?$AAf?$AAa@ 0000000180010778     libucrt:lcidtoname_downlevel.obj
 0002:00003780       ??_C@_15NFGIAIAJ@?$AAv?$AAi@ 0000000180010780     libucrt:lcidtoname_downlevel.obj
 0002:00003788       ??_C@_15LMKNDMHN@?$AAh?$AAy@ 0000000180010788     libucrt:lcidtoname_downlevel.obj
 0002:00003790       ??_C@_15IJBHMCFL@?$AAa?$AAz@ 0000000180010790     libucrt:lcidtoname_downlevel.obj
 0002:00003798       ??_C@_15EKOFJABL@?$AAe?$AAu@ 0000000180010798     libucrt:lcidtoname_downlevel.obj
 0002:000037a0       ??_C@_15BGHADCNK@?$AAm?$AAk@ 00000001800107a0     libucrt:lcidtoname_downlevel.obj
 0002:000037a8       ??_C@_15JDNICKHM@?$AAa?$AAf@ 00000001800107a8     libucrt:lcidtoname_downlevel.obj
 0002:000037b0       ??_C@_15KPJEDBKD@?$AAk?$AAa@ 00000001800107b0     libucrt:lcidtoname_downlevel.obj
 0002:000037b8       ??_C@_15PDNFFFEO@?$AAf?$AAo@ 00000001800107b8     libucrt:lcidtoname_downlevel.obj
 0002:000037c0       ??_C@_15OMLEGLOC@?$AAh?$AAi@ 00000001800107c0     libucrt:lcidtoname_downlevel.obj
 0002:000037c8       ??_C@_15IDNNENKK@?$AAm?$AAs@ 00000001800107c8     libucrt:lcidtoname_downlevel.obj
 0002:000037d0       ??_C@_15MACJNBMH@?$AAk?$AAk@ 00000001800107d0     libucrt:lcidtoname_downlevel.obj
 0002:000037d8       ??_C@_15DKDJEOND@?$AAk?$AAy@ 00000001800107d8     libucrt:lcidtoname_downlevel.obj
 0002:000037e0       ??_C@_15DFGDLJBG@?$AAs?$AAw@ 00000001800107e0     libucrt:lcidtoname_downlevel.obj
 0002:000037e8       ??_C@_15BBFAICNG@?$AAu?$AAz@ 00000001800107e8     libucrt:lcidtoname_downlevel.obj
 0002:000037f0       ??_C@_15DKNDCGEA@?$AAt?$AAt@ 00000001800107f0     libucrt:lcidtoname_downlevel.obj
 0002:000037f8       ??_C@_15MGIFMDPL@?$AAp?$AAa@ 00000001800107f8     libucrt:lcidtoname_downlevel.obj
 0002:00003800       ??_C@_15HCNDBBA@?$AAg?$AAu@ 0000000180010800     libucrt:lcidtoname_downlevel.obj
 0002:00003808       ??_C@_15FNBEIBON@?$AAt?$AAa@ 0000000180010808     libucrt:lcidtoname_downlevel.obj
 0002:00003810       ??_C@_15NCHGBGLK@?$AAt?$AAe@ 0000000180010810     libucrt:lcidtoname_downlevel.obj
 0002:00003818       ??_C@_15PHPHCBPF@?$AAk?$AAn@ 0000000180010818     libucrt:lcidtoname_downlevel.obj
 0002:00003820       ??_C@_15DLGBCKMP@?$AAm?$AAr@ 0000000180010820     libucrt:lcidtoname_downlevel.obj
 0002:00003828       ??_C@_15EABBLBFF@?$AAs?$AAa@ 0000000180010828     libucrt:lcidtoname_downlevel.obj
 0002:00003830       ??_C@_15CBKOMCOI@?$AAm?$AAn@ 0000000180010830     libucrt:lcidtoname_downlevel.obj
 0002:00003838       ??_C@_15CKDMCJAF@?$AAg?$AAl@ 0000000180010838     libucrt:lcidtoname_downlevel.obj
 0002:00003840       ??_C@_17CNJFBPG@?$AAk?$AAo?$AAk@ 0000000180010840     libucrt:lcidtoname_downlevel.obj
 0002:00003848       ??_C@_17FFBJICPL@?$AAs?$AAy?$AAr@ 0000000180010848     libucrt:lcidtoname_downlevel.obj
 0002:00003850       ??_C@_17KPNDCPAF@?$AAd?$AAi?$AAv@ 0000000180010850     libucrt:lcidtoname_downlevel.obj
 0002:00003858       ??_C@_11LOCGONAA@@         0000000180010858     libucrt:lcidtoname_downlevel.obj
 0002:00003860       ??_C@_1M@OKAHONE@?$AAa?$AAr?$AA?9?$AAS?$AAA@ 0000000180010860     libucrt:lcidtoname_downlevel.obj
 0002:00003870       ??_C@_1M@FFFIGIGK@?$AAb?$AAg?$AA?9?$AAB?$AAG@ 0000000180010870     libucrt:lcidtoname_downlevel.obj
 0002:00003880       ??_C@_1M@BJNKEDC@?$AAc?$AAa?$AA?9?$AAE?$AAS@ 0000000180010880     libucrt:lcidtoname_downlevel.obj
 0002:00003890       ??_C@_1M@IJJHFJHA@?$AAc?$AAs?$AA?9?$AAC?$AAZ@ 0000000180010890     libucrt:lcidtoname_downlevel.obj
 0002:000038a0       ??_C@_1M@CLPEOBGI@?$AAd?$AAa?$AA?9?$AAD?$AAK@ 00000001800108a0     libucrt:lcidtoname_downlevel.obj
 0002:000038b0       ??_C@_1M@MCMADGCB@?$AAd?$AAe?$AA?9?$AAD?$AAE@ 00000001800108b0     libucrt:lcidtoname_downlevel.obj
 0002:000038c0       ??_C@_1M@OOCKEMAM@?$AAe?$AAl?$AA?9?$AAG?$AAR@ 00000001800108c0     libucrt:lcidtoname_downlevel.obj
 0002:000038d0       ??_C@_1M@DDNJFGID@?$AAf?$AAi?$AA?9?$AAF?$AAI@ 00000001800108d0     libucrt:lcidtoname_downlevel.obj
 0002:000038e0       ??_C@_1M@GLIPPMAC@?$AAf?$AAr?$AA?9?$AAF?$AAR@ 00000001800108e0     libucrt:lcidtoname_downlevel.obj
 0002:000038f0       ??_C@_1M@GFMCHPE@?$AAh?$AAe?$AA?9?$AAI?$AAL@ 00000001800108f0     libucrt:lcidtoname_downlevel.obj
 0002:00003900       ??_C@_1M@MHLPGNKM@?$AAh?$AAu?$AA?9?$AAH?$AAU@ 0000000180010900     libucrt:lcidtoname_downlevel.obj
 0002:00003910       ??_C@_1M@LPDDNNPN@?$AAi?$AAs?$AA?9?$AAI?$AAS@ 0000000180010910     libucrt:lcidtoname_downlevel.obj
 0002:00003920       ??_C@_1M@MADIPODN@?$AAi?$AAt?$AA?9?$AAI?$AAT@ 0000000180010920     libucrt:lcidtoname_downlevel.obj
 0002:00003930       ??_C@_1M@IHBJJGG@?$AAn?$AAl?$AA?9?$AAN?$AAL@ 0000000180010930     libucrt:lcidtoname_downlevel.obj
 0002:00003940       ??_C@_1M@EANAGDL@?$AAn?$AAb?$AA?9?$AAN?$AAO@ 0000000180010940     libucrt:lcidtoname_downlevel.obj
 0002:00003950       ??_C@_1M@NEIEMEGP@?$AAp?$AAl?$AA?9?$AAP?$AAL@ 0000000180010950     libucrt:lcidtoname_downlevel.obj
 0002:00003960       ??_C@_1M@BOCFIGEP@?$AAp?$AAt?$AA?9?$AAB?$AAR@ 0000000180010960     libucrt:lcidtoname_downlevel.obj
 0002:00003970       ??_C@_1M@IMPFOPBG@?$AAr?$AAo?$AA?9?$AAR?$AAO@ 0000000180010970     libucrt:lcidtoname_downlevel.obj
 0002:00003980       ??_C@_1M@IDNNEJMM@?$AAr?$AAu?$AA?9?$AAR?$AAU@ 0000000180010980     libucrt:lcidtoname_downlevel.obj
 0002:00003990       ??_C@_1M@LILEEOGM@?$AAh?$AAr?$AA?9?$AAH?$AAR@ 0000000180010990     libucrt:lcidtoname_downlevel.obj
 0002:000039a0       ??_C@_1M@FKIFEHPB@?$AAs?$AAk?$AA?9?$AAS?$AAK@ 00000001800109a0     libucrt:lcidtoname_downlevel.obj
 0002:000039b0       ??_C@_1M@LJMAMNPJ@?$AAs?$AAq?$AA?9?$AAA?$AAL@ 00000001800109b0     libucrt:lcidtoname_downlevel.obj
 0002:000039c0       ??_C@_1M@GIAKDKJK@?$AAs?$AAv?$AA?9?$AAS?$AAE@ 00000001800109c0     libucrt:lcidtoname_downlevel.obj
 0002:000039d0       ??_C@_1M@MKJKIKCL@?$AAt?$AAh?$AA?9?$AAT?$AAH@ 00000001800109d0     libucrt:lcidtoname_downlevel.obj
 0002:000039e0       ??_C@_1M@MFLCCMPB@?$AAt?$AAr?$AA?9?$AAT?$AAR@ 00000001800109e0     libucrt:lcidtoname_downlevel.obj
 0002:000039f0       ??_C@_1M@OIJHDKJN@?$AAu?$AAr?$AA?9?$AAP?$AAK@ 00000001800109f0     libucrt:lcidtoname_downlevel.obj
 0002:00003a00       ??_C@_1M@LHIPCIEK@?$AAi?$AAd?$AA?9?$AAI?$AAD@ 0000000180010a00     libucrt:lcidtoname_downlevel.obj
 0002:00003a10       ??_C@_1M@MFMOBGI@?$AAu?$AAk?$AA?9?$AAU?$AAA@ 0000000180010a10     libucrt:lcidtoname_downlevel.obj
 0002:00003a20       ??_C@_1M@OBGLJIPL@?$AAb?$AAe?$AA?9?$AAB?$AAY@ 0000000180010a20     libucrt:lcidtoname_downlevel.obj
 0002:00003a30       ??_C@_1M@BCFAJEAD@?$AAs?$AAl?$AA?9?$AAS?$AAI@ 0000000180010a30     libucrt:lcidtoname_downlevel.obj
 0002:00003a40       ??_C@_1M@FKFFEDDN@?$AAe?$AAt?$AA?9?$AAE?$AAE@ 0000000180010a40     libucrt:lcidtoname_downlevel.obj
 0002:00003a50       ??_C@_1M@KGKKAACI@?$AAl?$AAv?$AA?9?$AAL?$AAV@ 0000000180010a50     libucrt:lcidtoname_downlevel.obj
 0002:00003a60       ??_C@_1M@IFGBIJO@?$AAl?$AAt?$AA?9?$AAL?$AAT@ 0000000180010a60     libucrt:lcidtoname_downlevel.obj
 0002:00003a70       ??_C@_1M@FGEAHEDM@?$AAf?$AAa?$AA?9?$AAI?$AAR@ 0000000180010a70     libucrt:lcidtoname_downlevel.obj
 0002:00003a80       ??_C@_1M@KBMAIBFN@?$AAv?$AAi?$AA?9?$AAV?$AAN@ 0000000180010a80     libucrt:lcidtoname_downlevel.obj
 0002:00003a90       ??_C@_1M@GPCBKDJK@?$AAh?$AAy?$AA?9?$AAA?$AAM@ 0000000180010a90     libucrt:lcidtoname_downlevel.obj
 0002:00003aa0       ??_C@_1BG@BECMDDJB@?$AAa?$AAz?$AA?9?$AAA?$AAZ?$AA?9?$AAL?$AAa?$AAt?$AAn@ 0000000180010aa0     libucrt:lcidtoname_downlevel.obj
 0002:00003ab8       ??_C@_1M@MAOFCAEA@?$AAe?$AAu?$AA?9?$AAE?$AAS@ 0000000180010ab8     libucrt:lcidtoname_downlevel.obj
 0002:00003ac8       ??_C@_1M@IGHABKPI@?$AAm?$AAk?$AA?9?$AAM?$AAK@ 0000000180010ac8     libucrt:lcidtoname_downlevel.obj
 0002:00003ad8       ??_C@_1M@IAIGNEJG@?$AAt?$AAn?$AA?9?$AAZ?$AAA@ 0000000180010ad8     libucrt:lcidtoname_downlevel.obj
 0002:00003ae8       ??_C@_1M@IIJCOJFA@?$AAx?$AAh?$AA?9?$AAZ?$AAA@ 0000000180010ae8     libucrt:lcidtoname_downlevel.obj
 0002:00003af8       ??_C@_1M@LGPJHNJH@?$AAz?$AAu?$AA?9?$AAZ?$AAA@ 0000000180010af8     libucrt:lcidtoname_downlevel.obj
 0002:00003b08       ??_C@_1M@HOKAOIO@?$AAa?$AAf?$AA?9?$AAZ?$AAA@ 0000000180010b08     libucrt:lcidtoname_downlevel.obj
 0002:00003b18       ??_C@_1M@DPCLHLIE@?$AAk?$AAa?$AA?9?$AAG?$AAE@ 0000000180010b18     libucrt:lcidtoname_downlevel.obj
 0002:00003b28       ??_C@_1M@BLKMHJBI@?$AAf?$AAo?$AA?9?$AAF?$AAO@ 0000000180010b28     libucrt:lcidtoname_downlevel.obj
 0002:00003b38       ??_C@_1M@LGGJAPPB@?$AAh?$AAi?$AA?9?$AAI?$AAN@ 0000000180010b38     libucrt:lcidtoname_downlevel.obj
 0002:00003b48       ??_C@_1M@FIKPIHFE@?$AAm?$AAt?$AA?9?$AAM?$AAT@ 0000000180010b48     libucrt:lcidtoname_downlevel.obj
 0002:00003b58       ??_C@_1M@HEGGPBFA@?$AAs?$AAe?$AA?9?$AAN?$AAO@ 0000000180010b58     libucrt:lcidtoname_downlevel.obj
 0002:00003b68       ??_C@_1M@EIBJEEPA@?$AAm?$AAs?$AA?9?$AAM?$AAY@ 0000000180010b68     libucrt:lcidtoname_downlevel.obj
 0002:00003b78       ??_C@_1M@FHLBGMPP@?$AAk?$AAk?$AA?9?$AAK?$AAZ@ 0000000180010b78     libucrt:lcidtoname_downlevel.obj
 0002:00003b88       ??_C@_1M@NGJJLCGI@?$AAk?$AAy?$AA?9?$AAK?$AAG@ 0000000180010b88     libucrt:lcidtoname_downlevel.obj
 0002:00003b98       ??_C@_1M@GIENNBFC@?$AAs?$AAw?$AA?9?$AAK?$AAE@ 0000000180010b98     libucrt:lcidtoname_downlevel.obj
 0002:00003ba8       ??_C@_1BG@NDGMJIMJ@?$AAu?$AAz?$AA?9?$AAU?$AAZ?$AA?9?$AAL?$AAa?$AAt?$AAn@ 0000000180010ba8     libucrt:lcidtoname_downlevel.obj
 0002:00003bc0       ??_C@_1M@IDCCIHBC@?$AAt?$AAt?$AA?9?$AAR?$AAU@ 0000000180010bc0     libucrt:lcidtoname_downlevel.obj
 0002:00003bd0       ??_C@_1M@LOICPMOJ@?$AAb?$AAn?$AA?9?$AAI?$AAN@ 0000000180010bd0     libucrt:lcidtoname_downlevel.obj
 0002:00003be0       ??_C@_1M@KPKKNEAH@?$AAp?$AAa?$AA?9?$AAI?$AAN@ 0000000180010be0     libucrt:lcidtoname_downlevel.obj
 0002:00003bf0       ??_C@_1M@PJGPPBOG@?$AAg?$AAu?$AA?9?$AAI?$AAN@ 0000000180010bf0     libucrt:lcidtoname_downlevel.obj
 0002:00003c00       ??_C@_1M@KMKMOPHI@?$AAt?$AAa?$AA?9?$AAI?$AAN@ 0000000180010c00     libucrt:lcidtoname_downlevel.obj
 0002:00003c10       ??_C@_1M@KFEHEPAC@?$AAt?$AAe?$AA?9?$AAI?$AAN@ 0000000180010c10     libucrt:lcidtoname_downlevel.obj
 0002:00003c20       ??_C@_1M@CDCLMGHI@?$AAk?$AAn?$AA?9?$AAI?$AAN@ 0000000180010c20     libucrt:lcidtoname_downlevel.obj
 0002:00003c30       ??_C@_1M@MIODLDKF@?$AAm?$AAl?$AA?9?$AAI?$AAN@ 0000000180010c30     libucrt:lcidtoname_downlevel.obj
 0002:00003c40       ??_C@_1M@PBIEACPO@?$AAm?$AAr?$AA?9?$AAI?$AAN@ 0000000180010c40     libucrt:lcidtoname_downlevel.obj
 0002:00003c50       ??_C@_1M@NIDEAGPH@?$AAs?$AAa?$AA?9?$AAI?$AAN@ 0000000180010c50     libucrt:lcidtoname_downlevel.obj
 0002:00003c60       ??_C@_1M@FHIHCBIO@?$AAm?$AAn?$AA?9?$AAM?$AAN@ 0000000180010c60     libucrt:lcidtoname_downlevel.obj
 0002:00003c70       ??_C@_1M@JAIJPENP@?$AAc?$AAy?$AA?9?$AAG?$AAB@ 0000000180010c70     libucrt:lcidtoname_downlevel.obj
[...]
 0002:00007e84       $unwind$_execute_onexit_table 0000000180014e84     libucrt:onexit.obj
 0002:00007e8c       $unwind$__acrt_DownlevelLocaleNameToLCID 0000000180014e8c     libucrt:lcidtoname_downlevel.obj
 0002:00007e8c       $unwind$??R<lambda_f03950bc5685219e0bcd2087efbe011e>@@QEBAHXZ 0000000180014e8c     libucrt:onexit.obj
 0002:00007ea4       $unwind$??$?RV<lambda_7777bce6b2f8c936911f934f8298dc43>@@AEAV<lambda_f03950bc5685219e0bcd2087efbe011e>@@V<lambda_3883c3dff614d5e0c5f61bb1ac94921c>@@@?$__crt_seh_guarded_call@H@@QEAAH$$QEAV<lambda_7777bce6b2f8c936911f934f8298dc43>@@AEAV<lambda_f03950bc5685219e0bcd2087efbe011e>@@$$QEAV<lambda_3883c3dff614d5e0c5f61bb1ac94921c>@@@Z 0000000180014ea4     libucrt:onexit.obj
 0002:00007ec8       $unwind$terminate          0000000180014ec8     libucrt:terminate.obj
 0002:00007ee8       $xdatasym                  0000000180014ee8     libucrt:strncmp.obj
 0002:00007eec       $unwind$_invalid_parameter_noinfo 0000000180014eec     libucrt:invalid_parameter.obj
 0002:00007eec       $unwind$_log10_special     0000000180014eec     libucrt:log_special.obj
 0002:00007ef4       $unwind$__acrt_call_reportfault 0000000180014ef4     libucrt:invalid_parameter.obj
 0002:00007f14       $unwind$_invalid_parameter 0000000180014f14     libucrt:invalid_parameter.obj
 0002:00007f28       $unwind$__acrt_initialize_winapi_thunks 0000000180014f28     libucrt:winapi_thunks.obj
 0002:00007f30       $unwind$_mbtowc_l          0000000180014f30     libucrt:mbtowc.obj
 0002:00007f30       $unwind$__acrt_LCMapStringEx 0000000180014f30     libucrt:winapi_thunks.obj
 0002:00007f44       $unwind$_call_matherr      0000000180014f44     libucrt:libm_error.obj
 0002:00007f4c       $unwind$_handle_error      0000000180014f4c     libucrt:libm_error.obj
 0002:00007f6c       $unwind$_free_base         0000000180014f6c     libucrt:free_base.obj
 0002:00007f6c       $unwind$?destroy_fls@@YAXPEAX@Z 0000000180014f6c     libucrt:per_thread_data.obj
 0002:00007f6c       $unwind$__acrt_locale_free_numeric 0000000180014f6c     libucrt:initnum.obj
 0002:00007f6c       $unwind$__acrt_locale_free_lc_time_if_unreferenced 0000000180014f6c     libucrt:locale_refcounting.obj
 0002:00007f74       $unwind$?construct_ptd_array@@YAXQEAU__acrt_ptd@@@Z 0000000180014f74     libucrt:per_thread_data.obj
 0002:00007f7c       $unwind$?destroy_ptd_array@@YAXQEAU__acrt_ptd@@@Z 0000000180014f7c     libucrt:per_thread_data.obj
 0002:00007f84       $unwind$??$?RV<lambda_0ae27a3a962d80f24befdcbee591983d>@@AEAV<lambda_8d0ee55de4b1038c4002e0adecdf1839>@@V<lambda_dc504788e8f1664fe9b84e20bfb512f2>@@@?$__crt_seh_guarded_call@X@@QEAAX$$QEAV<lambda_0ae27a3a962d80f24befdcbee591983d>@@AEAV<lambda_8d0ee55de4b1038c4002e0adecdf1839>@@$$QEAV<lambda_dc504788e8f1664fe9b84e20bfb512f2>@@@Z 0000000180014f84     libucrt:per_thread_data.obj
 0002:00007fa8       $unwind$??$?RV<lambda_aa87e3671a710a21b5dc78c0bdf72e11>@@AEAV<lambda_92619d2358a28f41a33ba319515a20b9>@@V<lambda_6992ecaafeb10aed2b74cb1fae11a551>@@@?$__crt_seh_guarded_call@X@@QEAAX$$QEAV<lambda_aa87e3671a710a21b5dc78c0bdf72e11>@@AEAV<lambda_92619d2358a28f41a33ba319515a20b9>@@$$QEAV<lambda_6992ecaafeb10aed2b74cb1fae11a551>@@@Z 0000000180014fa8     libucrt:per_thread_data.obj
 0002:00007fcc       $unwind$??$?RV<lambda_f2e299630e499de9f9a165e60fcd3db5>@@AEAV<lambda_2ae9d31cdba2644fcbeaf08da7c24588>@@V<lambda_40d01ff24d0e7b3814fdbdcee8eab3c7>@@@?$__crt_seh_guarded_call@X@@QEAAX$$QEAV<lambda_f2e299630e499de9f9a165e60fcd3db5>@@AEAV<lambda_2ae9d31cdba2644fcbeaf08da7c24588>@@$$QEAV<lambda_40d01ff24d0e7b3814fdbdcee8eab3c7>@@@Z 0000000180014fcc     libucrt:per_thread_data.obj
 0002:00007ff0       $unwind$??$?RV<lambda_2d41944a1d46af3157314b8a01080d33>@@AEAV<lambda_8f455de75cd7d7f24b4096f044d8b9e6>@@V<lambda_aa500f224e6afead328df44964fe2772>@@@?$__crt_seh_guarded_call@X@@QEAAX$$QEAV<lambda_2d41944a1d46af3157314b8a01080d33>@@AEAV<lambda_8f455de75cd7d7f24b4096f044d8b9e6>@@$$QEAV<lambda_aa500f224e6afead328df44964fe2772>@@@Z 0000000180014ff0     libucrt:per_thread_data.obj
 0002:00008014       $unwind$??$__acrt_mbs_to_wcs_cp@U__crt_win32_buffer_internal_dynamic_resizing@@@@YAHQEBDAEAV?$__crt_win32_buffer@_WU__crt_win32_buffer_internal_dynamic_resizing@@@@I@Z 0000000180015014     libucrt:argv_wildcards.obj
 0002:0000802c       $unwind$__dcrt_get_narrow_environment_from_os 000000018001502c     libucrt:get_environment_from_os.obj
 0002:0000802c       $unwind$??$__acrt_wcs_to_mbs_cp@U__crt_win32_buffer_internal_dynamic_resizing@@@@YAHQEB_WAEAV?$__crt_win32_buffer@DU__crt_win32_buffer_internal_dynamic_resizing@@@@I@Z 000000018001502c     libucrt:argv_wildcards.obj
 0002:00008044       $unwind$??$common_expand_argv_wildcards@D@@YAHQEAPEADQEAPEAPEAD@Z 0000000180015044     libucrt:argv_wildcards.obj
 0002:0000805c       $unwind$??$copy_and_add_argument_to_buffer@D@@YAHQEBD0_KAEAV?$argument_list@D@?A0x5f5c8891@@@Z 000000018001505c     libucrt:argv_wildcards.obj
 0002:00008078       $unwind$??$expand_argument_wildcards@D@@YAHQEAD0AEAV?$argument_list@D@?A0x5f5c8891@@@Z 0000000180015078     libucrt:argv_wildcards.obj
 0002:0000809c       $unwind$__acrt_GetModuleFileNameA 000000018001509c     libucrt:getmodulefilenamea.obj
 0002:000080b8       $unwind$__dcrt_write_console 00000001800150b8     libucrt:initcon.obj
 0002:000080b8       $unwind$??$__acrt_wcs_to_mbs_cp@U__crt_win32_buffer_no_resizing@@@@YAHQEB_WAEAV?$__crt_win32_buffer@DU__crt_win32_buffer_no_resizing@@@@I@Z 00000001800150b8     libucrt:getmodulefilenamea.obj
 0002:000080cc       $unwind$_setmbcp_nolock    00000001800150cc     libucrt:mbctype.obj
 0002:000080ec       $unwind$__dcrt_lowio_ensure_console_output_initialized 00000001800150ec     libucrt:initcon.obj
 0002:000080ec       $unwind$_isleadbyte_l      00000001800150ec     libucrt:_wctype.obj
 0002:000080ec       $unwind$?getSystemCP@@YAHH@Z 00000001800150ec     libucrt:mbctype.obj
 0002:000080f4       $unwind$?update_thread_multibyte_data_internal@@YAPEAU__crt_multibyte_data@@QEAU__acrt_ptd@@QEAPEAU1@@Z 00000001800150f4     libucrt:mbctype.obj
 0002:0000811c       $unwind$?setmbcp_internal@@YAHH_NQEAU__acrt_ptd@@QEAPEAU__crt_multibyte_data@@@Z 000000018001511c     libucrt:mbctype.obj
 0002:0000812c       $unwind$?setSBUpLow@@YAXPEAU__crt_multibyte_data@@@Z 000000018001512c     libucrt:mbctype.obj
 0002:00008148       $unwind$??$?RV<lambda_efdfa57d1f175319df784efa44bb7b81>@@AEAV<lambda_5f0a4c1567f8adc6734073e5d1e1b35c>@@V<lambda_2e8a7d3640ea6ccb4c2413664c2db6fd>@@@?$__crt_seh_guarded_call@X@@QEAAX$$QEAV<lambda_efdfa57d1f175319df784efa44bb7b81>@@AEAV<lambda_5f0a4c1567f8adc6734073e5d1e1b35c>@@$$QEAV<lambda_2e8a7d3640ea6ccb4c2413664c2db6fd>@@@Z 0000000180015148     libucrt:mbctype.obj
 0002:0000816c       $unwind$?x_ismbbtype_l@@YAHPEAU__crt_locale_pointers@@IHH@Z 000000018001516c     libucrt:ismbbyte.obj
 0002:0000817c       $unwind$__acrt_WideCharToMultiByte 000000018001517c     libucrt:widechartomultibyte.obj
 0002:00008188       $unwind$__acrt_initialize_lowio 0000000180015188     libucrt:ioinit.obj
 0002:000081a8       $unwind$?initialize_inherited_file_handles_nolock@@YAXXZ 00000001800151a8     libucrt:ioinit.obj
 0002:000081c4       $unwind$?initialize_stdio_handles_nolock@@YAXXZ 00000001800151c4     libucrt:ioinit.obj
 0002:000081c4       $unwind$__acrt_initialize_stdio 00000001800151c4     libucrt:_file.obj
 0002:000081dc       $unwind$_query_new_handler 00000001800151dc     libucrt:new_handler.obj
 0002:000081fc       $unwind$__acrt_uninitialize_locale 00000001800151fc     libucrt:wsetlocale.obj
 0002:000081fc       $unwind$__acrt_get_sigabrt_handler 00000001800151fc     libucrt:signal.obj
 0002:00008204       $unwind$raise              0000000180015204     libucrt:signal.obj
 0002:00008240       $unwind$??$?RV<lambda_450d765d439847d4c735a33c368b5fc0>@@AEAV<lambda_44731a7d0e6d81c3e6aa82d741081786>@@V<lambda_601a2a7da3b7a96e9554ac7215c4b07c>@@@?$__crt_seh_guarded_call@P6AXH@Z@@QEAAP6AXH@Z$$QEAV<lambda_450d765d439847d4c735a33c368b5fc0>@@AEAV<lambda_44731a7d0e6d81c3e6aa82d741081786>@@$$QEAV<lambda_601a2a7da3b7a96e9554ac7215c4b07c>@@@Z 0000000180015240     libucrt:signal.obj
 0002:00008264       $unwind$?common_flush_all@@YAH_N@Z 0000000180015264     libucrt:fflush.obj
 0002:0000826c       $unwind$??$?RV<lambda_842d9ff0dc9ef11c61343bbaebe7f885>@@AEAV<lambda_c5860995281e5c4ce005b3de8f5874ee>@@V<lambda_d90129c13df834fdcbf8d2b88dafcf2d>@@@?$__crt_seh_guarded_call@X@@QEAAX$$QEAV<lambda_842d9ff0dc9ef11c61343bbaebe7f885>@@AEAV<lambda_c5860995281e5c4ce005b3de8f5874ee>@@$$QEAV<lambda_d90129c13df834fdcbf8d2b88dafcf2d>@@@Z 000000018001526c     libucrt:fflush.obj
 0002:00008290       $unwind$??$?RV<lambda_886d6c58226a84441f68b9f2b8217b83>@@AEAV<lambda_ab61a845afdef5b7c387490eaf3616ee>@@V<lambda_f7f22ab5edc0698d5f6905b0d3f44752>@@@?$__crt_seh_guarded_call@X@@QEAAX$$QEAV<lambda_886d6c58226a84441f68b9f2b8217b83>@@AEAV<lambda_ab61a845afdef5b7c387490eaf3616ee>@@$$QEAV<lambda_f7f22ab5edc0698d5f6905b0d3f44752>@@@Z 0000000180015290     libucrt:fflush.obj
 0002:000082b8       $unwind$??$?RV<lambda_410d79af7f07d98d83a3f525b3859a53>@@AEAV<lambda_3e16ef9562a7dcce91392c22ab16ea36>@@V<lambda_38119f0e861e05405d8a144b9b982f0a>@@@?$__crt_seh_guarded_call@X@@QEAAX$$QEAV<lambda_410d79af7f07d98d83a3f525b3859a53>@@AEAV<lambda_3e16ef9562a7dcce91392c22ab16ea36>@@$$QEAV<lambda_38119f0e861e05405d8a144b9b982f0a>@@@Z 00000001800152b8     libucrt:wsetlocale.obj
 0002:000082e0       $unwind$_raise_exc         00000001800152e0     libucrt:fpexcept.obj
 0002:000082e8       $unwind$_raise_exc_ex      00000001800152e8     libucrt:fpexcept.obj
 0002:000082fc       $unwind$_ctrlfp            00000001800152fc     libucrt:fpctrl.obj
 0002:00008324       $unwind$__acrt_update_thread_locale_data 0000000180015324     libucrt:locale_refcounting.obj
 0002:00008348       $unwind$qsort              0000000180015348     libucrt:qsort.obj
 0002:00008360       $chain$4$qsort             0000000180015360     libucrt:qsort.obj
 0002:00008384       $chain$5$qsort             0000000180015384     libucrt:qsort.obj
 0002:00008394       $unwind$strpbrk            0000000180015394     libucrt:strpbrk.obj
 0002:000083a4       $unwind$fallbackMethod     00000001800153a4     libucrt:strpbrk.obj
 0002:000083b4       $unwind$_mbsdec_l          00000001800153b4     libucrt:mbsdec.obj
 0002:000083c0       $unwind$__acrt_GetStringTypeA 00000001800153c0     libucrt:getstringtypea.obj
 0002:000083e8       $unwind$__acrt_LCMapStringA 00000001800153e8     libucrt:lcmapstringa.obj
 0002:000083f8       $unwind$?__acrt_LCMapStringA_stat@@YAHPEAU__crt_locale_pointers@@PEB_WKPEBDHPEADHHH@Z 00000001800153f8     libucrt:lcmapstringa.obj
 0002:00008420       $unwind$_free_osfhnd       0000000180015420     libucrt:osfinfo.obj
 0002:00008434       $unwind$__acrt_lowio_destroy_handle_array 0000000180015434     libucrt:osfinfo.obj
 0002:00008444       $unwind$__acrt_lowio_ensure_fh_exists 0000000180015444     libucrt:osfinfo.obj
 0002:00008470       $unwind$_close             0000000180015470     libucrt:close.obj
 0002:00008470       $unwind$_commit            0000000180015470     libucrt:commit.obj
 0002:00008478       $unwind$??$?RV<lambda_a37b2b86f63e897a80ea819b0eb08c01>@@AEAV<lambda_38ce7e780aa69e748d6df282ebc68efe>@@V<lambda_99fb1378e971ab6e7edea83e3a7a83a2>@@@?$__crt_seh_guarded_call@H@@QEAAH$$QEAV<lambda_a37b2b86f63e897a80ea819b0eb08c01>@@AEAV<lambda_38ce7e780aa69e748d6df282ebc68efe>@@$$QEAV<lambda_99fb1378e971ab6e7edea83e3a7a83a2>@@@Z 0000000180015478     libucrt:commit.obj
 0002:0000849c       $unwind$_write             000000018001549c     libucrt:write.obj
 0002:000084cc       $unwind$_write_nolock      00000001800154cc     libucrt:write.obj
 0002:000084e4       $unwind$?write_double_translated_ansi_nolock@@YA?AUwrite_result@?A0x17268360@@HQEBDI@Z 00000001800154e4     libucrt:write.obj
 0002:00008508       $unwind$?write_text_ansi_nolock@@YA?AUwrite_result@?A0x17268360@@HQEBDI@Z 0000000180015508     libucrt:write.obj
 0002:00008508       $unwind$?write_text_utf16le_nolock@@YA?AUwrite_result@?A0x17268360@@HQEBDI@Z 0000000180015508     libucrt:write.obj
 0002:00008528       $unwind$?write_text_utf8_nolock@@YA?AUwrite_result@?A0x17268360@@HQEBDI@Z 0000000180015528     libucrt:write.obj
 0002:0000854c       $unwind$_fcloseall         000000018001554c     libucrt:closeall.obj
 0002:00008570       $unwind$?__mbrtowc_utf8@__crt_mbstring@@YA_KPEA_WPEBD_KPEAU_Mbstatet@@@Z 0000000180015570     libucrt:mbrtowc.obj
 0002:00008578       $unwind$?__mbsrtowcs_utf8@__crt_mbstring@@YA_KPEA_WPEAPEBD_KPEAU_Mbstatet@@@Z 0000000180015578     libucrt:mbrtowc.obj
 0002:00008590       $unwind$__acrt_locale_free_monetary 0000000180015590     libucrt:initmon.obj
 0002:00008598       $unwind$__acrt_locale_free_time 0000000180015598     libucrt:inittime.obj
 0002:000085a8       $xdatasym                  00000001800155a8     libucrt:fpsr.obj
 0002:000085b0       $unwind$_putwch_nolock     00000001800155b0     libucrt:putwch.obj
 0002:000085b8       $unwind$fclose             00000001800155b8     libucrt:fclose.obj
 0002:000085dc       $unwind$?__mbrtoc32_utf8@__crt_mbstring@@YA_KPEA_UPEBD_KPEAU_Mbstatet@@@Z 00000001800155dc     libucrt:mbrtoc32.obj
 0002:000085f8       $xdatasym                  00000001800155f8     libucrt:log10.obj
 0002:00008604       $unwind$??$?RV<lambda_751a882b2c74d4b022dec766aa51a29a>@@AEAV<lambda_628dfdc04ba53c8bfc02c9951375f3f5>@@V<lambda_f6c7be5f7998530c34de24c7437d6b54>@@@?$__crt_seh_guarded_call@H@@QEAAH$$QEAV<lambda_751a882b2c74d4b022dec766aa51a29a>@@AEAV<lambda_628dfdc04ba53c8bfc02c9951375f3f5>@@$$QEAV<lambda_f6c7be5f7998530c34de24c7437d6b54>@@@Z 0000000180015604     libucrt:close.obj
 0002:00008628       $unwind$__acrt_initialize_fma3 0000000180015628     libucrt:fma3_available.obj
 0002:00008630       $unwind$_log_special_common 0000000180015630     libucrt:log_special.obj
 0002:0000863c       $unwind$_IsNonwritableInCurrentImage 000000018001563c     LIBCMT:pesect.obj
 0002:00008660       $xdatasym                  0000000180015660     LIBCMT:chkstk.obj
 0002:00008668       $xdatasym                  0000000180015668     libvcruntime:memcmp.obj
 0002:00008670       .edata                     0000000180015670     Sunshine.exp
 0002:00008698       rgpv                       0000000180015698     Sunshine.exp
 0002:0000869c       rgszName                   000000018001569c     Sunshine.exp
 0002:000086a0       rgwOrd                     00000001800156a0     Sunshine.exp
 0002:000086a2       szName                     00000001800156a2     Sunshine.exp
 0002:000086af       $N00001                    00000001800156af     Sunshine.exp
 0002:00008de2       .idata$6                   0000000180015de2     kernel32:KERNEL32.dll
 0003:00000080       ?__vcrt_flsindex@@3KA      0000000180016080     libvcruntime:per_thread_data.obj
 0003:000000a0       ?errno_no_memory@@3HA      00000001800160a0     libucrt:errno.obj
 0003:000000a4       ?doserrno_no_memory@@3KA   00000001800160a4     libucrt:errno.obj
 0003:000000a8       ?__acrt_flsindex@@3KA      00000001800160a8     libucrt:per_thread_data.obj
 0003:000002e0       _mbctypes                  00000001800162e0     libucrt:mbctype.obj
 0003:000003f0       _mbcasemaps                00000001800163f0     libucrt:mbctype.obj
 0003:000004f0       ?__rgctypeflag@@3PADA      00000001800164f0     libucrt:mbctype.obj
 0003:00000500       ?__rgcode_page_info@@3PAUcode_page_info@@A 0000000180016500     libucrt:mbctype.obj
 0003:00000868       ?dazSupported@?1??_ctrlfp@@9@9 0000000180016868     libucrt:fpctrl.obj
 0003:00000a10       ?__dcrt_lowio_console_output_handle@@3PEAXEA 0000000180016a10     libucrt:initcon.obj
 0003:00000a20       ?__proc_attached@@3HA      0000000180016a20     LIBCMT:dll_dllmain.obj
 0003:00000a30       GS_ExceptionRecord         0000000180016a30     LIBCMT:gs_report.obj
 0003:00000ad0       GS_ContextRecord           0000000180016ad0     LIBCMT:gs_report.obj
 0003:00000fd0       ?is_initialized_as_dll@@3_NA 0000000180016fd0     LIBCMT:utility.obj
 0003:00000fd1       ?module_local_atexit_table_initialized@@3_NA 0000000180016fd1     LIBCMT:utility.obj
 0003:00000fd8       ?module_local_atexit_table@@3U_onexit_table_t@@A 0000000180016fd8     LIBCMT:utility.obj
 0003:00000ff0       ?module_local_at_quick_exit_table@@3U_onexit_table_t@@A 0000000180016ff0     LIBCMT:utility.obj
 0003:00001068       ?heap@@3V_HeapManager@@A   0000000180017068     libvcruntime:undname.obj
 0003:00001090       ?__vcrt_startup_thread_ptd@@3U__vcrt_ptd@@A 0000000180017090     libvcruntime:per_thread_data.obj
 0003:00001110       __vcrt_lock_table          0000000180017110     libvcruntime:locks.obj
 0003:00001138       __vcrt_locks_initialized   0000000180017138     libvcruntime:locks.obj
 0003:00001140       ?module_handles@@3PAPEAUHINSTANCE__@@A 0000000180017140     libvcruntime:winapi_downlevel.obj
 0003:00001158       ?function_pointers@@3PAPEAXA 0000000180017158     libvcruntime:winapi_downlevel.obj
 0003:00001188       ?c_termination_complete@@3JA 0000000180017188     libucrt:exit.obj
 0003:00001190       ?thread_local_exit_callback_func@@3P6AXPEAXK0@ZEA 0000000180017190     libucrt:exit.obj
 0003:000011a0       ?program_name@?1???$common_configure_argv@D@@YAHW4_crt_argv_mode@@@Z@4PADA 00000001800171a0     libucrt:argv_parsing.obj
 0003:000012f8       ?__acrt_invalid_parameter_handler@@3V?$dual_state_global@P6AXPEB_W00I_K@Z@__crt_state_management@@A 00000001800172f8     libucrt:invalid_parameter.obj
 0003:00001300       ?module_handles@@3PAPEAUHINSTANCE__@@A 0000000180017300     libucrt:winapi_thunks.obj
 0003:000013a0       ?encoded_function_pointers@@3PAPEAXA 00000001800173a0     libucrt:winapi_thunks.obj
 0003:000014b0       ?__acrt_lock_table@@3PAU_RTL_CRITICAL_SECTION@@A 00000001800174b0     libucrt:locks.obj
 0003:000016e0       ?__acrt_locks_initialized@@3IA 00000001800176e0     libucrt:locks.obj
 0003:00001700       ?fSystemSet@@3HA           0000000180017700     libucrt:mbctype.obj
 0003:00001704       ?initialized@?1??__acrt_initialize_multibyte@@9@4_NA 0000000180017704     libucrt:mbctype.obj
 0003:00001b48       ?__acrt_new_handler@@3V?$dual_state_global@P6AH_K@Z@__crt_state_management@@A 0000000180017b48     libucrt:new_handler.obj
 0003:00001b50       ?ctrlc_action@@3V?$dual_state_global@P6AXH@Z@__crt_state_management@@A 0000000180017b50     libucrt:signal.obj
 0003:00001b58       ?ctrlbreak_action@@3V?$dual_state_global@P6AXH@Z@__crt_state_management@@A 0000000180017b58     libucrt:signal.obj
 0003:00001b60       ?abort_action@@3V?$dual_state_global@P6AXH@Z@__crt_state_management@@A 0000000180017b60     libucrt:signal.obj
 0003:00001b68       ?term_action@@3V?$dual_state_global@P6AXH@Z@__crt_state_management@@A 0000000180017b68     libucrt:signal.obj
 0003:00001b70       ?user_matherr@@3V?$dual_state_global@P6AHPEAU_exception@@@Z@__crt_state_management@@A 0000000180017b70     libucrt:matherr.obj
 0003:00001ba0       ?internal_state@?1??_mbtowc_l@@9@4U_Mbstatet@@A 0000000180017ba0     libucrt:mbtowc.obj
 0003:00001bac       ?__acrt_global_new_mode@@3V?$dual_state_global@J@__crt_state_management@@A 0000000180017bac     libucrt:new_mode.obj
 0003:00001bb8       ?__acrt_app_type@@3W4_crt_app_type@@A 0000000180017bb8     libucrt:report_runtime_error.obj
 0003:00001bc0       ?internal_pst@?1??__mbrtoc32_utf8@__crt_mbstring@@YA_KPEA_UPEBD_KPEAU_Mbstatet@@@Z@4U3@A 0000000180017bc0     libucrt:mbrtoc32.obj
 0005:00000000       MsetTab                    0000000180019000     libvcruntime:memset.obj
 0005:00000050       MoveSmall                  0000000180019050     libvcruntime:memcpy.obj
 0005:00000090       MoveSmallYmm               0000000180019090     libvcruntime:memcpy.obj
 0005:000000b4       MoveSmallYmmNT             00000001800190b4     libvcruntime:memcpy.obj
 0005:000000d8       MoveSmallXmm               00000001800190d8     libvcruntime:memcpy.obj
